******************************************************************************
                  MSP430 Linker PC v21.6.1                     
******************************************************************************
>> Linked Thu Apr  2 20:09:17 2026

OUTPUT FILE NAME:   <G2553_JLX12864G_Test.out>
ENTRY POINT SYMBOL: "_c_int00_noargs"  address: 0000ddda


MEMORY CONFIGURATION

         name            origin    length      used     unused   attr    fill
----------------------  --------  ---------  --------  --------  ----  --------
  SFR                   00000000   00000010  00000000  00000010  RWIX
  PERIPHERALS_8BIT      00000010   000000f0  00000000  000000f0  RWIX
  PERIPHERALS_16BIT     00000100   00000100  00000000  00000100  RWIX
  RAM                   00000200   00000200  0000019b  00000065  RWIX
  INFOD                 00001000   00000040  00000000  00000040  RWIX
  INFOC                 00001040   00000040  00000000  00000040  RWIX
  INFOB                 00001080   00000040  00000000  00000040  RWIX
  INFOA                 000010c0   00000040  00000000  00000040  RWIX
  FLASH                 0000c000   00003fde  000021a0  00001e3e  RWIX
  BSLSIGNATURE          0000ffde   00000002  00000002  00000000  RWIX  ffff 
  INT00                 0000ffe0   00000002  00000002  00000000  RWIX
  INT01                 0000ffe2   00000002  00000000  00000002  RWIX
  INT02                 0000ffe4   00000002  00000002  00000000  RWIX
  INT03                 0000ffe6   00000002  00000002  00000000  RWIX
  INT04                 0000ffe8   00000002  00000000  00000002  RWIX
  INT05                 0000ffea   00000002  00000002  00000000  RWIX
  INT06                 0000ffec   00000002  00000002  00000000  RWIX
  INT07                 0000ffee   00000002  00000002  00000000  RWIX
  INT08                 0000fff0   00000002  00000002  00000000  RWIX
  INT09                 0000fff2   00000002  00000002  00000000  RWIX
  INT10                 0000fff4   00000002  00000002  00000000  RWIX
  INT11                 0000fff6   00000002  00000002  00000000  RWIX
  INT12                 0000fff8   00000002  00000002  00000000  RWIX
  INT13                 0000fffa   00000002  00000002  00000000  RWIX
  INT14                 0000fffc   00000002  00000002  00000000  RWIX
  RESET                 0000fffe   00000002  00000002  00000000  RWIX


SECTION ALLOCATION MAP

 output                                  attributes/
section   page    origin      length       input sections
--------  ----  ----------  ----------   ----------------
.bss       0    00000200    0000012c     UNINITIALIZED
                  00000200    000000c0     display.obj (.bss:g_buf_a)
                  000002c0    00000040     display.obj (.bss:g_buf_b)
                  00000300    00000020     display.obj (.bss:mag_smooth$1)
                  00000320    0000000c     lcd_draw.obj (.bss:num_buf)

.data      0    0000032c    0000001f     UNINITIALIZED
                  0000032c    00000012     timer_capture.obj (.data)
                  0000033e    00000008     display.obj (.data)
                  00000346    00000004     main.obj (.data)
                  0000034a    00000001     key.obj (.data)

.stack     0    000003b0    00000050     UNINITIALIZED
                  000003b0    00000002     rts430_eabi.lib : boot.c.obj (.stack)
                  000003b2    0000004e     --HOLE--

.text      0    0000c000    00001f4c     
                  0000c000    00000336     adc_measure.obj (.text:ADC_measureVpp)
                  0000c336    00000280     display.obj (.text:page_wave)
                  0000c5b6    00000238     display.obj (.text:page_fft)
                  0000c7ee    000001a2     fft.obj (.text:fft32)
                  0000c990    00000136     JLX12864G.obj (.text:LCD_showGB2312Str)
                  0000cac6    00000120     main.obj (.text:main)
                  0000cbe6    0000011a     display.obj (.text:page_vpp)
                  0000cd00    00000110     lcd_draw.obj (.text:LCD_drawBars)
                  0000ce10    000000f4     adc_measure.obj (.text:ADC_sampleToBufferAdaptive)
                  0000cf04    000000ee     lcd_draw.obj (.text:LCD_showUint)
                  0000cff2    000000d6     display.obj (.text:page_freq)
                  0000d0c8    000000bc     JLX12864G.obj (.text:pinInit)
                  0000d184    000000b6     JLX12864G.obj (.text:LCD_init)
                  0000d23a    0000009e     GPIO.obj (.text:GPIO_pinMode)
                  0000d2d8    0000007c     JLX12864G.obj (.text:LCD_getAndWrite16x16)
                  0000d354    0000007c     rts430_eabi.lib : copy_decompress_lzss.c.obj (.text:decompress:lzss:__TI_decompress_lzss)
                  0000d3d0    0000007a     uart.obj (.text:UART_sendNum)
                  0000d44a    00000078     JLX12864G.obj (.text:LCD_getAndWrite8x16)
                  0000d4c2    00000076     timer_capture.obj (.text:Timer0_A0_ISR)
                  0000d538    00000070     lcd_draw.obj (.text:LCD_showMeasure)
                  0000d5a8    00000070     JLX12864G.obj (.text:LCD_writeCmd)
                  0000d618    00000070     JLX12864G.obj (.text:LCD_writeData)
                  0000d688    00000064     lcd_draw.obj (.text:uint_to_str)
                  0000d6ec    0000005c     rts430_eabi.lib : lsr32.asm.obj (.text:l_lsr_const)
                  0000d748    00000058                     : div32u.asm.obj (.text)
                  0000d7a0    00000058     adc_measure.obj (.text:vpp_calcDelayLoops)
                  0000d7f8    0000004c     JLX12864G.obj (.text:LCD_sendCmdToROM)
                  0000d844    0000004c     rts430_eabi.lib : lsr16.asm.obj (.text)
                  0000d890    00000046     JLX12864G.obj (.text:LCD_clear)
                  0000d8d6    00000044     fft.obj (.text:fft_magnitude)
                  0000d91a    00000042     adc_measure.obj (.text:ADC_sampleToBuffer)
                  0000d95c    00000042     rts430_eabi.lib : autoinit.c.obj (.text:__TI_auto_init_nobinit_nopinit:__TI_auto_init_nobinit_nopinit)
                  0000d99e    00000040     JLX12864G.obj (.text:getDataFromROM)
                  0000d9de    00000040     rts430_eabi.lib : div32s.asm.obj (.text)
                  0000da1e    0000003e                     : asr32.asm.obj (.text:l_asr_const)
                  0000da5c    0000003e                     : lsl32.asm.obj (.text:l_lsl_const)
                  0000da9a    0000003e     display.obj (.text:page_info)
                  0000dad8    00000038     display.obj (.text:clear_text_band)
                  0000db10    00000034     lcd_draw.obj (.text:LCD_clearPages)
                  0000db44    00000032     display.obj (.text:Display_refresh)
                  0000db76    0000002c     timer_capture.obj (.text:Capture_startFreq)
                  0000dba2    0000002c     lcd_draw.obj (.text:LCD_drawDot)
                  0000dbce    0000002c     rts430_eabi.lib : lsl16.asm.obj (.text)
                  0000dbfa    0000002a     GPIO.obj (.text:GPIO_pinWrite)
                  0000dc24    0000002a     JLX12864G.obj (.text:LCD_setAddr)
                  0000dc4e    0000002a     uart.obj (.text:UART_init)
                  0000dc78    0000002a     display.obj (.text:draw_title)
                  0000dca2    00000028     main.obj (.text:page_next)
                  0000dcca    00000026     GPIO.obj (.text:GPIO_pinRead)
                  0000dcf0    00000026     rts430_eabi.lib : mult32.asm.obj (.text)
                  0000dd16    00000022     key.obj (.text:Key_init)
                  0000dd38    00000022     key.obj (.text:Port_1_ISR)
                  0000dd5a    00000022     rts430_eabi.lib : mult1632.asm.obj (.text:__mpyul)
                  0000dd7c    00000022     fft.obj (.text:bit_reverse)
                  0000dd9e    00000020     Clock.obj (.text:delay)
                  0000ddbe    0000001c     Clock.obj (.text:Clock_init)
                  0000ddda    0000001c     rts430_eabi.lib : boot.c.obj (.text:_c_int00_noargs)
                  0000ddf6    00000016                     : mult1632.asm.obj (.text:__mpysl)
                  0000de0c    00000016                     : div16u.asm.obj (.text)
                  0000de22    00000014     timer_capture.obj (.text:Capture_init)
                  0000de36    00000014     rts430_eabi.lib : copy_zero_init.c.obj (.text:decompress:ZI:__TI_zero_init_nomemset:__TI_zero_init_nomemset)
                  0000de4a    00000014                     : mult16.asm.obj (.text)
                  0000de5e    00000012     key.obj (.text:Key_getEvent)
                  0000de70    00000012     uart.obj (.text:UART_sendStr)
                  0000de82    00000012     rts430_eabi.lib : copy_decompress_none.c.obj (.text:decompress:none:__TI_decompress_none)
                  0000de94    00000012                     : memcpy.c.obj (.text:memcpy)
                  0000dea6    00000010                     : epilog.asm.obj (.text)
                  0000deb6    00000010                     : strcpy.c.obj (.text:strcpy)
                  0000dec6    0000000e     fft.obj (.text:fft_cos)
                  0000ded4    0000000e     rts430_eabi.lib : strlen.c.obj (.text:strlen)
                  0000dee2    0000000c     display.obj (.text:Display_toggleSubMode)
                  0000deee    0000000c     uart.obj (.text:UART_sendChar)
                  0000defa    0000000c     fft.obj (.text:fft_sin)
                  0000df06    0000000c     main.obj (.text:page_enter)
                  0000df12    0000000c     main.obj (.text:page_leave)
                  0000df1e    0000000a     display.obj (.text:Display_init)
                  0000df28    00000008     adc_measure.obj (.text:ADC_init)
                  0000df30    00000008     timer_capture.obj (.text:Capture_stopFreq)
                  0000df38    00000008     rts430_eabi.lib : isr_trap.asm.obj (.text:_isr:__TI_ISR_TRAP)
                  0000df40    00000006                     : exit.c.obj (.text:abort)
                  0000df46    00000004                     : pre_init.c.obj (.text:_system_pre_init)
                  0000df4a    00000002                     : startup.c.obj (.text:_system_post_cinit)

.const     0    0000df4c    00000230     
                  0000df4c    000001e6     display.obj (.const:.string)
                  0000e132    00000040     fft.obj (.const:sin_table)
                  0000e172    0000000a     display.obj (.const:page_titles)

.cinit     0    0000e17c    00000024     
                  0000e17c    00000011     (.cinit..data.load) [load image, compression = lzss]
                  0000e18d    00000001     --HOLE-- [fill = 0]
                  0000e18e    00000006     (__TI_handler_table)
                  0000e194    00000004     (.cinit..bss.load) [load image, compression = zero_init]
                  0000e198    00000008     (__TI_cinit_table)

.binit     0    0000c000    00000000     

.init_array 
*          0    0000c000    00000000     UNINITIALIZED

TRAPINT    0    0000ffe0    00000002     
                  0000ffe0    00000002     rts430_eabi.lib : int00.asm.obj (.int00)

PORT1      0    0000ffe4    00000002     
                  0000ffe4    00000002     key.obj (.int02)

PORT2      0    0000ffe6    00000002     
                  0000ffe6    00000002     rts430_eabi.lib : int03.asm.obj (.int03)

ADC10      0    0000ffea    00000002     
                  0000ffea    00000002     rts430_eabi.lib : int05.asm.obj (.int05)

USCIAB0TX 
*          0    0000ffec    00000002     
                  0000ffec    00000002     rts430_eabi.lib : int06.asm.obj (.int06)

USCIAB0RX 
*          0    0000ffee    00000002     
                  0000ffee    00000002     rts430_eabi.lib : int07.asm.obj (.int07)

TIMER0_A1 
*          0    0000fff0    00000002     
                  0000fff0    00000002     rts430_eabi.lib : int08.asm.obj (.int08)

TIMER0_A0 
*          0    0000fff2    00000002     
                  0000fff2    00000002     timer_capture.obj (.int09)

WDT        0    0000fff4    00000002     
                  0000fff4    00000002     rts430_eabi.lib : int10.asm.obj (.int10)

COMPARATORA 
*          0    0000fff6    00000002     
                  0000fff6    00000002     rts430_eabi.lib : int11.asm.obj (.int11)

TIMER1_A1 
*          0    0000fff8    00000002     
                  0000fff8    00000002     rts430_eabi.lib : int12.asm.obj (.int12)

TIMER1_A0 
*          0    0000fffa    00000002     
                  0000fffa    00000002     rts430_eabi.lib : int13.asm.obj (.int13)

NMI        0    0000fffc    00000002     
                  0000fffc    00000002     rts430_eabi.lib : int14.asm.obj (.int14)

.reset     0    0000fffe    00000002     
                  0000fffe    00000002     rts430_eabi.lib : boot.c.obj (.reset)

$fill000   0    0000ffde    00000002     
                  0000ffde    00000002     --HOLE-- [fill = ffff]

MODULE SUMMARY

       Module                       code   ro data   rw data
       ------                       ----   -------   -------
    .\
       display.obj                  1936   496       296    
       JLX12864G.obj                1400   0         0      
       adc_measure.obj              1228   0         0      
       lcd_draw.obj                 818    0         12     
       fft.obj                      546    64        0      
       main.obj                     352    0         4      
       GPIO.obj                     238    0         0      
       timer_capture.obj            190    2         18     
       uart.obj                     194    0         0      
       key.obj                      86     2         1      
       Clock.obj                    60     0         0      
    +--+----------------------------+------+---------+---------+
       Total:                       7048   564       331    
                                                            
    C:\TI\ccs2020\ccs\tools\compiler\ti-cgt-msp430_21.6.1.LTS\lib\rts430_eabi.lib
       copy_decompress_lzss.c.obj   124    0         0      
       lsr32.asm.obj                92     0         0      
       div32u.asm.obj               88     0         0      
       lsr16.asm.obj                76     0         0      
       autoinit.c.obj               66     0         0      
       div32s.asm.obj               64     0         0      
       asr32.asm.obj                62     0         0      
       lsl32.asm.obj                62     0         0      
       mult1632.asm.obj             56     0         0      
       lsl16.asm.obj                44     0         0      
       mult32.asm.obj               38     0         0      
       boot.c.obj                   28     2         0      
       div16u.asm.obj               22     0         0      
       copy_zero_init.c.obj         20     0         0      
       mult16.asm.obj               20     0         0      
       copy_decompress_none.c.obj   18     0         0      
       memcpy.c.obj                 18     0         0      
       epilog.asm.obj               16     0         0      
       strcpy.c.obj                 16     0         0      
       strlen.c.obj                 14     0         0      
       isr_trap.asm.obj             8      0         0      
       exit.c.obj                   6      0         0      
       pre_init.c.obj               4      0         0      
       int00.asm.obj                0      2         0      
       int03.asm.obj                0      2         0      
       int05.asm.obj                0      2         0      
       int06.asm.obj                0      2         0      
       int07.asm.obj                0      2         0      
       int08.asm.obj                0      2         0      
       int10.asm.obj                0      2         0      
       int11.asm.obj                0      2         0      
       int12.asm.obj                0      2         0      
       int13.asm.obj                0      2         0      
       int14.asm.obj                0      2         0      
       startup.c.obj                2      0         0      
    +--+----------------------------+------+---------+---------+
       Total:                       964    24        0      
                                                            
       Stack:                       0      0         80     
       Linker Generated:            0      35        0      
    +--+----------------------------+------+---------+---------+
       Grand Total:                 8012   623       411    


LINKER GENERATED COPY TABLES

__TI_cinit_table @ 0000e198 records: 2, size/record: 4, table size: 8
	.data: load addr=0000e17c, load size=00000011 bytes, run addr=0000032c, run size=0000001f bytes, compression=lzss
	.bss: load addr=0000e194, load size=00000004 bytes, run addr=00000200, run size=0000012c bytes, compression=zero_init


LINKER GENERATED HANDLER TABLE

__TI_handler_table @ 0000e18e records: 3, size/record: 2, table size: 6
	index: 0, handler: __TI_zero_init
	index: 1, handler: __TI_decompress_lzss
	index: 2, handler: __TI_decompress_none


GLOBAL SYMBOLS: SORTED ALPHABETICALLY BY Name 

address   name                          
-------   ----                          
0000004a  ADC10AE0                      
000001b0  ADC10CTL0                     
000001b2  ADC10CTL1                     
00000048  ADC10DTC0                     
00000049  ADC10DTC1                     
000001b4  ADC10MEM                      
000001bc  ADC10SA                       
0000df28  ADC_init                      
0000c000  ADC_measureVpp                
0000d91a  ADC_sampleToBuffer            
0000ce10  ADC_sampleToBufferAdaptive    
00000057  BCSCTL1                       
00000058  BCSCTL2                       
00000053  BCSCTL3                       
0000df40  C$$EXIT                       
00000059  CACTL1                        
0000005a  CACTL2                        
000010fb  CALBC1_12MHZ                  
000010f9  CALBC1_16MHZ                  
000010ff  CALBC1_1MHZ                   
000010fd  CALBC1_8MHZ                   
000010fa  CALDCO_12MHZ                  
000010f8  CALDCO_16MHZ                  
000010fe  CALDCO_1MHZ                   
000010fc  CALDCO_8MHZ                   
0000005b  CAPD                          
0000de22  Capture_init                  
0000db76  Capture_startFreq             
0000df30  Capture_stopFreq              
0000ddbe  Clock_init                    
00000056  DCOCTL                        
0000df1e  Display_init                  
0000db44  Display_refresh               
0000dee2  Display_toggleSubMode         
00000128  FCTL1                         
0000012a  FCTL2                         
0000012c  FCTL3                         
0000d23a  GPIO_pinMode                  
0000dcca  GPIO_pinRead                  
0000dbfa  GPIO_pinWrite                 
00000000  IE1                           
00000001  IE2                           
00000002  IFG1                          
00000003  IFG2                          
0000de5e  Key_getEvent                  
0000dd16  Key_init                      
0000de5e  Key_scan                      
0000d890  LCD_clear                     
0000db10  LCD_clearPages                
0000cd00  LCD_drawBars                  
0000dba2  LCD_drawDot                   
0000d2d8  LCD_getAndWrite16x16          
0000d44a  LCD_getAndWrite8x16           
0000d184  LCD_init                      
0000d7f8  LCD_sendCmdToROM              
0000dc24  LCD_setAddr                   
0000c990  LCD_showGB2312Str             
0000d538  LCD_showMeasure               
0000cf04  LCD_showUint                  
0000d5a8  LCD_writeCmd                  
0000d618  LCD_writeData                 
00000022  P1DIR                         
00000025  P1IE                          
00000024  P1IES                         
00000023  P1IFG                         
00000020  P1IN                          
00000021  P1OUT                         
00000027  P1REN                         
00000026  P1SEL                         
00000041  P1SEL2                        
0000002a  P2DIR                         
0000002d  P2IE                          
0000002c  P2IES                         
0000002b  P2IFG                         
00000028  P2IN                          
00000029  P2OUT                         
0000002f  P2REN                         
0000002e  P2SEL                         
00000042  P2SEL2                        
0000001a  P3DIR                         
00000018  P3IN                          
00000019  P3OUT                         
00000010  P3REN                         
0000001b  P3SEL                         
00000043  P3SEL2                        
0000dd38  Port_1_ISR                    
00000172  TA0CCR0                       
00000174  TA0CCR1                       
00000176  TA0CCR2                       
00000162  TA0CCTL0                      
00000164  TA0CCTL1                      
00000166  TA0CCTL2                      
00000160  TA0CTL                        
0000012e  TA0IV                         
00000170  TA0R                          
00000192  TA1CCR0                       
00000194  TA1CCR1                       
00000196  TA1CCR2                       
00000182  TA1CCTL0                      
00000184  TA1CCTL1                      
00000186  TA1CCTL2                      
00000180  TA1CTL                        
0000011e  TA1IV                         
00000190  TA1R                          
000010db  TLV_ADC10_1_LEN               
000010da  TLV_ADC10_1_TAG               
000010c0  TLV_CHECKSUM                  
000010f7  TLV_DCO_30_LEN                
000010f6  TLV_DCO_30_TAG                
0000d4c2  Timer0_A0_ISR                 
0000dc4e  UART_init                     
0000deee  UART_sendChar                 
0000d3d0  UART_sendNum                  
0000de70  UART_sendStr                  
0000005d  UCA0ABCTL                     
00000062  UCA0BR0                       
00000063  UCA0BR1                       
00000060  UCA0CTL0                      
00000061  UCA0CTL1                      
0000005f  UCA0IRRCTL                    
0000005e  UCA0IRTCTL                    
00000064  UCA0MCTL                      
00000066  UCA0RXBUF                     
00000065  UCA0STAT                      
00000067  UCA0TXBUF                     
0000006a  UCB0BR0                       
0000006b  UCB0BR1                       
00000068  UCB0CTL0                      
00000069  UCB0CTL1                      
0000006c  UCB0I2CIE                     
00000118  UCB0I2COA                     
0000011a  UCB0I2CSA                     
0000006e  UCB0RXBUF                     
0000006d  UCB0STAT                      
0000006f  UCB0TXBUF                     
00000120  WDTCTL                        
00000400  __STACK_END                   
00000050  __STACK_SIZE                  
0000e198  __TI_CINIT_Base               
0000e1a0  __TI_CINIT_Limit              
0000e1a0  __TI_CINIT_Warm               
0000e18e  __TI_Handler_Table_Base       
0000e194  __TI_Handler_Table_Limit      
0000df38  __TI_ISR_TRAP                 
0000d95c  __TI_auto_init_nobinit_nopinit
0000d354  __TI_decompress_lzss          
0000de82  __TI_decompress_none          
0000ffe0  __TI_int00                    
0000ffe4  __TI_int02                    
0000ffe6  __TI_int03                    
0000ffea  __TI_int05                    
0000ffec  __TI_int06                    
0000ffee  __TI_int07                    
0000fff0  __TI_int08                    
0000fff2  __TI_int09                    
0000fff4  __TI_int10                    
0000fff6  __TI_int11                    
0000fff8  __TI_int12                    
0000fffa  __TI_int13                    
0000fffc  __TI_int14                    
ffffffff  __TI_pprof_out_hndl           
ffffffff  __TI_prof_data_size           
ffffffff  __TI_prof_data_start          
0000de36  __TI_zero_init_nomemset       
ffffffff  __c_args__                    
0000d9de  __mspabi_divli                
0000de0c  __mspabi_divu                 
0000d748  __mspabi_divul                
0000deb2  __mspabi_func_epilog_1        
0000deb0  __mspabi_func_epilog_2        
0000deae  __mspabi_func_epilog_3        
0000deac  __mspabi_func_epilog_4        
0000deaa  __mspabi_func_epilog_5        
0000dea8  __mspabi_func_epilog_6        
0000dea6  __mspabi_func_epilog_7        
0000de4a  __mspabi_mpyi                 
0000de4a  __mspabi_mpyi_sw              
0000dcf0  __mspabi_mpyl                 
0000dcf0  __mspabi_mpyl_sw              
0000ddf6  __mspabi_mpysl                
0000ddf6  __mspabi_mpysl_sw             
0000dd5a  __mspabi_mpyul                
0000dd5a  __mspabi_mpyul_sw             
0000d9de  __mspabi_remli                
0000de0c  __mspabi_remu                 
0000d748  __mspabi_remul                
0000dbce  __mspabi_slli                 
0000dbf6  __mspabi_slli_1               
0000dbe4  __mspabi_slli_10              
0000dbe2  __mspabi_slli_11              
0000dbe0  __mspabi_slli_12              
0000dbde  __mspabi_slli_13              
0000dbdc  __mspabi_slli_14              
0000dbda  __mspabi_slli_15              
0000dbf4  __mspabi_slli_2               
0000dbf2  __mspabi_slli_3               
0000dbf0  __mspabi_slli_4               
0000dbee  __mspabi_slli_5               
0000dbec  __mspabi_slli_6               
0000dbea  __mspabi_slli_7               
0000dbe8  __mspabi_slli_8               
0000dbe6  __mspabi_slli_9               
0000da94  __mspabi_slll_1               
0000da70  __mspabi_slll_10              
0000da6c  __mspabi_slll_11              
0000da68  __mspabi_slll_12              
0000da64  __mspabi_slll_13              
0000da60  __mspabi_slll_14              
0000da5c  __mspabi_slll_15              
0000da90  __mspabi_slll_2               
0000da8c  __mspabi_slll_3               
0000da88  __mspabi_slll_4               
0000da84  __mspabi_slll_5               
0000da80  __mspabi_slll_6               
0000da7c  __mspabi_slll_7               
0000da78  __mspabi_slll_8               
0000da74  __mspabi_slll_9               
0000da56  __mspabi_sral_1               
0000da32  __mspabi_sral_10              
0000da2e  __mspabi_sral_11              
0000da2a  __mspabi_sral_12              
0000da26  __mspabi_sral_13              
0000da22  __mspabi_sral_14              
0000da1e  __mspabi_sral_15              
0000da52  __mspabi_sral_2               
0000da4e  __mspabi_sral_3               
0000da4a  __mspabi_sral_4               
0000da46  __mspabi_sral_5               
0000da42  __mspabi_sral_6               
0000da3e  __mspabi_sral_7               
0000da3a  __mspabi_sral_8               
0000da36  __mspabi_sral_9               
0000d844  __mspabi_srli                 
0000d88a  __mspabi_srli_1               
0000d866  __mspabi_srli_10              
0000d862  __mspabi_srli_11              
0000d85e  __mspabi_srli_12              
0000d85a  __mspabi_srli_13              
0000d856  __mspabi_srli_14              
0000d852  __mspabi_srli_15              
0000d886  __mspabi_srli_2               
0000d882  __mspabi_srli_3               
0000d87e  __mspabi_srli_4               
0000d87a  __mspabi_srli_5               
0000d876  __mspabi_srli_6               
0000d872  __mspabi_srli_7               
0000d86e  __mspabi_srli_8               
0000d86a  __mspabi_srli_9               
0000d740  __mspabi_srll_1               
0000d70a  __mspabi_srll_10              
0000d704  __mspabi_srll_11              
0000d6fe  __mspabi_srll_12              
0000d6f8  __mspabi_srll_13              
0000d6f2  __mspabi_srll_14              
0000d6ec  __mspabi_srll_15              
0000d73a  __mspabi_srll_2               
0000d734  __mspabi_srll_3               
0000d72e  __mspabi_srll_4               
0000d728  __mspabi_srll_5               
0000d722  __mspabi_srll_6               
0000d71c  __mspabi_srll_7               
0000d716  __mspabi_srll_8               
0000d710  __mspabi_srll_9               
0000ddda  _c_int00_noargs               
0000fffe  _reset_vector                 
000003b0  _stack                        
0000df4a  _system_post_cinit            
0000df46  _system_pre_init              
0000df40  abort                         
0000dd9e  delay                         
0000c7ee  fft32                         
0000d8d6  fft_magnitude                 
0000032c  g_freq_hz                     
00000332  g_freq_period                 
00000330  g_freq_ready                  
0000cac6  main                          
0000de94  memcpy                        
0000deb6  strcpy                        
0000ded4  strlen                        


GLOBAL SYMBOLS: SORTED BY Symbol Address 

address   name                          
-------   ----                          
00000000  IE1                           
00000001  IE2                           
00000002  IFG1                          
00000003  IFG2                          
00000010  P3REN                         
00000018  P3IN                          
00000019  P3OUT                         
0000001a  P3DIR                         
0000001b  P3SEL                         
00000020  P1IN                          
00000021  P1OUT                         
00000022  P1DIR                         
00000023  P1IFG                         
00000024  P1IES                         
00000025  P1IE                          
00000026  P1SEL                         
00000027  P1REN                         
00000028  P2IN                          
00000029  P2OUT                         
0000002a  P2DIR                         
0000002b  P2IFG                         
0000002c  P2IES                         
0000002d  P2IE                          
0000002e  P2SEL                         
0000002f  P2REN                         
00000041  P1SEL2                        
00000042  P2SEL2                        
00000043  P3SEL2                        
00000048  ADC10DTC0                     
00000049  ADC10DTC1                     
0000004a  ADC10AE0                      
00000050  __STACK_SIZE                  
00000053  BCSCTL3                       
00000056  DCOCTL                        
00000057  BCSCTL1                       
00000058  BCSCTL2                       
00000059  CACTL1                        
0000005a  CACTL2                        
0000005b  CAPD                          
0000005d  UCA0ABCTL                     
0000005e  UCA0IRTCTL                    
0000005f  UCA0IRRCTL                    
00000060  UCA0CTL0                      
00000061  UCA0CTL1                      
00000062  UCA0BR0                       
00000063  UCA0BR1                       
00000064  UCA0MCTL                      
00000065  UCA0STAT                      
00000066  UCA0RXBUF                     
00000067  UCA0TXBUF                     
00000068  UCB0CTL0                      
00000069  UCB0CTL1                      
0000006a  UCB0BR0                       
0000006b  UCB0BR1                       
0000006c  UCB0I2CIE                     
0000006d  UCB0STAT                      
0000006e  UCB0RXBUF                     
0000006f  UCB0TXBUF                     
00000118  UCB0I2COA                     
0000011a  UCB0I2CSA                     
0000011e  TA1IV                         
00000120  WDTCTL                        
00000128  FCTL1                         
0000012a  FCTL2                         
0000012c  FCTL3                         
0000012e  TA0IV                         
00000160  TA0CTL                        
00000162  TA0CCTL0                      
00000164  TA0CCTL1                      
00000166  TA0CCTL2                      
00000170  TA0R                          
00000172  TA0CCR0                       
00000174  TA0CCR1                       
00000176  TA0CCR2                       
00000180  TA1CTL                        
00000182  TA1CCTL0                      
00000184  TA1CCTL1                      
00000186  TA1CCTL2                      
00000190  TA1R                          
00000192  TA1CCR0                       
00000194  TA1CCR1                       
00000196  TA1CCR2                       
000001b0  ADC10CTL0                     
000001b2  ADC10CTL1                     
000001b4  ADC10MEM                      
000001bc  ADC10SA                       
0000032c  g_freq_hz                     
00000330  g_freq_ready                  
00000332  g_freq_period                 
000003b0  _stack                        
00000400  __STACK_END                   
000010c0  TLV_CHECKSUM                  
000010da  TLV_ADC10_1_TAG               
000010db  TLV_ADC10_1_LEN               
000010f6  TLV_DCO_30_TAG                
000010f7  TLV_DCO_30_LEN                
000010f8  CALDCO_16MHZ                  
000010f9  CALBC1_16MHZ                  
000010fa  CALDCO_12MHZ                  
000010fb  CALBC1_12MHZ                  
000010fc  CALDCO_8MHZ                   
000010fd  CALBC1_8MHZ                   
000010fe  CALDCO_1MHZ                   
000010ff  CALBC1_1MHZ                   
0000c000  ADC_measureVpp                
0000c7ee  fft32                         
0000c990  LCD_showGB2312Str             
0000cac6  main                          
0000cd00  LCD_drawBars                  
0000ce10  ADC_sampleToBufferAdaptive    
0000cf04  LCD_showUint                  
0000d184  LCD_init                      
0000d23a  GPIO_pinMode                  
0000d2d8  LCD_getAndWrite16x16          
0000d354  __TI_decompress_lzss          
0000d3d0  UART_sendNum                  
0000d44a  LCD_getAndWrite8x16           
0000d4c2  Timer0_A0_ISR                 
0000d538  LCD_showMeasure               
0000d5a8  LCD_writeCmd                  
0000d618  LCD_writeData                 
0000d6ec  __mspabi_srll_15              
0000d6f2  __mspabi_srll_14              
0000d6f8  __mspabi_srll_13              
0000d6fe  __mspabi_srll_12              
0000d704  __mspabi_srll_11              
0000d70a  __mspabi_srll_10              
0000d710  __mspabi_srll_9               
0000d716  __mspabi_srll_8               
0000d71c  __mspabi_srll_7               
0000d722  __mspabi_srll_6               
0000d728  __mspabi_srll_5               
0000d72e  __mspabi_srll_4               
0000d734  __mspabi_srll_3               
0000d73a  __mspabi_srll_2               
0000d740  __mspabi_srll_1               
0000d748  __mspabi_divul                
0000d748  __mspabi_remul                
0000d7f8  LCD_sendCmdToROM              
0000d844  __mspabi_srli                 
0000d852  __mspabi_srli_15              
0000d856  __mspabi_srli_14              
0000d85a  __mspabi_srli_13              
0000d85e  __mspabi_srli_12              
0000d862  __mspabi_srli_11              
0000d866  __mspabi_srli_10              
0000d86a  __mspabi_srli_9               
0000d86e  __mspabi_srli_8               
0000d872  __mspabi_srli_7               
0000d876  __mspabi_srli_6               
0000d87a  __mspabi_srli_5               
0000d87e  __mspabi_srli_4               
0000d882  __mspabi_srli_3               
0000d886  __mspabi_srli_2               
0000d88a  __mspabi_srli_1               
0000d890  LCD_clear                     
0000d8d6  fft_magnitude                 
0000d91a  ADC_sampleToBuffer            
0000d95c  __TI_auto_init_nobinit_nopinit
0000d9de  __mspabi_divli                
0000d9de  __mspabi_remli                
0000da1e  __mspabi_sral_15              
0000da22  __mspabi_sral_14              
0000da26  __mspabi_sral_13              
0000da2a  __mspabi_sral_12              
0000da2e  __mspabi_sral_11              
0000da32  __mspabi_sral_10              
0000da36  __mspabi_sral_9               
0000da3a  __mspabi_sral_8               
0000da3e  __mspabi_sral_7               
0000da42  __mspabi_sral_6               
0000da46  __mspabi_sral_5               
0000da4a  __mspabi_sral_4               
0000da4e  __mspabi_sral_3               
0000da52  __mspabi_sral_2               
0000da56  __mspabi_sral_1               
0000da5c  __mspabi_slll_15              
0000da60  __mspabi_slll_14              
0000da64  __mspabi_slll_13              
0000da68  __mspabi_slll_12              
0000da6c  __mspabi_slll_11              
0000da70  __mspabi_slll_10              
0000da74  __mspabi_slll_9               
0000da78  __mspabi_slll_8               
0000da7c  __mspabi_slll_7               
0000da80  __mspabi_slll_6               
0000da84  __mspabi_slll_5               
0000da88  __mspabi_slll_4               
0000da8c  __mspabi_slll_3               
0000da90  __mspabi_slll_2               
0000da94  __mspabi_slll_1               
0000db10  LCD_clearPages                
0000db44  Display_refresh               
0000db76  Capture_startFreq             
0000dba2  LCD_drawDot                   
0000dbce  __mspabi_slli                 
0000dbda  __mspabi_slli_15              
0000dbdc  __mspabi_slli_14              
0000dbde  __mspabi_slli_13              
0000dbe0  __mspabi_slli_12              
0000dbe2  __mspabi_slli_11              
0000dbe4  __mspabi_slli_10              
0000dbe6  __mspabi_slli_9               
0000dbe8  __mspabi_slli_8               
0000dbea  __mspabi_slli_7               
0000dbec  __mspabi_slli_6               
0000dbee  __mspabi_slli_5               
0000dbf0  __mspabi_slli_4               
0000dbf2  __mspabi_slli_3               
0000dbf4  __mspabi_slli_2               
0000dbf6  __mspabi_slli_1               
0000dbfa  GPIO_pinWrite                 
0000dc24  LCD_setAddr                   
0000dc4e  UART_init                     
0000dcca  GPIO_pinRead                  
0000dcf0  __mspabi_mpyl                 
0000dcf0  __mspabi_mpyl_sw              
0000dd16  Key_init                      
0000dd38  Port_1_ISR                    
0000dd5a  __mspabi_mpyul                
0000dd5a  __mspabi_mpyul_sw             
0000dd9e  delay                         
0000ddbe  Clock_init                    
0000ddda  _c_int00_noargs               
0000ddf6  __mspabi_mpysl                
0000ddf6  __mspabi_mpysl_sw             
0000de0c  __mspabi_divu                 
0000de0c  __mspabi_remu                 
0000de22  Capture_init                  
0000de36  __TI_zero_init_nomemset       
0000de4a  __mspabi_mpyi                 
0000de4a  __mspabi_mpyi_sw              
0000de5e  Key_getEvent                  
0000de5e  Key_scan                      
0000de70  UART_sendStr                  
0000de82  __TI_decompress_none          
0000de94  memcpy                        
0000dea6  __mspabi_func_epilog_7        
0000dea8  __mspabi_func_epilog_6        
0000deaa  __mspabi_func_epilog_5        
0000deac  __mspabi_func_epilog_4        
0000deae  __mspabi_func_epilog_3        
0000deb0  __mspabi_func_epilog_2        
0000deb2  __mspabi_func_epilog_1        
0000deb6  strcpy                        
0000ded4  strlen                        
0000dee2  Display_toggleSubMode         
0000deee  UART_sendChar                 
0000df1e  Display_init                  
0000df28  ADC_init                      
0000df30  Capture_stopFreq              
0000df38  __TI_ISR_TRAP                 
0000df40  C$$EXIT                       
0000df40  abort                         
0000df46  _system_pre_init              
0000df4a  _system_post_cinit            
0000e18e  __TI_Handler_Table_Base       
0000e194  __TI_Handler_Table_Limit      
0000e198  __TI_CINIT_Base               
0000e1a0  __TI_CINIT_Limit              
0000e1a0  __TI_CINIT_Warm               
0000ffe0  __TI_int00                    
0000ffe4  __TI_int02                    
0000ffe6  __TI_int03                    
0000ffea  __TI_int05                    
0000ffec  __TI_int06                    
0000ffee  __TI_int07                    
0000fff0  __TI_int08                    
0000fff2  __TI_int09                    
0000fff4  __TI_int10                    
0000fff6  __TI_int11                    
0000fff8  __TI_int12                    
0000fffa  __TI_int13                    
0000fffc  __TI_int14                    
0000fffe  _reset_vector                 
ffffffff  __TI_pprof_out_hndl           
ffffffff  __TI_prof_data_size           
ffffffff  __TI_prof_data_start          
ffffffff  __c_args__                    

[279 symbols]
