******************************************************************************
                  MSP430 Linker PC v21.6.1                     
******************************************************************************
>> Linked Sat Apr  4 10:25:00 2026

OUTPUT FILE NAME:   <G2553_JLX12864G_Test.out>
ENTRY POINT SYMBOL: "_c_int00_noargs"  address: 0000d528


MEMORY CONFIGURATION

         name            origin    length      used     unused   attr    fill
----------------------  --------  ---------  --------  --------  ----  --------
  SFR                   00000000   00000010  00000000  00000010  RWIX
  PERIPHERALS_8BIT      00000010   000000f0  00000000  000000f0  RWIX
  PERIPHERALS_16BIT     00000100   00000100  00000000  00000100  RWIX
  RAM                   00000200   00000200  0000017d  00000083  RWIX
  INFOD                 00001000   00000040  00000000  00000040  RWIX
  INFOC                 00001040   00000040  00000000  00000040  RWIX
  INFOB                 00001080   00000040  00000000  00000040  RWIX
  INFOA                 000010c0   00000040  00000000  00000040  RWIX
  FLASH                 0000c000   00003fde  0000179c  00002842  RWIX
  BSLSIGNATURE          0000ffde   00000002  00000002  00000000  RWIX  ffff 
  INT00                 0000ffe0   00000002  00000002  00000000  RWIX
  INT01                 0000ffe2   00000002  00000000  00000002  RWIX
  INT02                 0000ffe4   00000002  00000002  00000000  RWIX
  INT03                 0000ffe6   00000002  00000002  00000000  RWIX
  INT04                 0000ffe8   00000002  00000000  00000002  RWIX
  INT05                 0000ffea   00000002  00000002  00000000  RWIX
  INT06                 0000ffec   00000002  00000002  00000000  RWIX
  INT07                 0000ffee   00000002  00000002  00000000  RWIX
  INT08                 0000fff0   00000002  00000002  00000000  RWIX
  INT09                 0000fff2   00000002  00000002  00000000  RWIX
  INT10                 0000fff4   00000002  00000002  00000000  RWIX
  INT11                 0000fff6   00000002  00000002  00000000  RWIX
  INT12                 0000fff8   00000002  00000002  00000000  RWIX
  INT13                 0000fffa   00000002  00000002  00000000  RWIX
  INT14                 0000fffc   00000002  00000002  00000000  RWIX
  RESET                 0000fffe   00000002  00000002  00000000  RWIX


SECTION ALLOCATION MAP

 output                                  attributes/
section   page    origin      length       input sections
--------  ----  ----------  ----------   ----------------
.bss       0    00000200    0000011c     UNINITIALIZED
                  00000200    00000080     display.obj (.bss:fft_buf)
                  00000280    00000080     display.obj (.bss:wave_buf)
                  00000300    00000010     display.obj (.bss:spectrum)
                  00000310    0000000c     lcd_draw.obj (.bss:num_buf)

.data      0    0000031c    00000011     UNINITIALIZED
                  0000031c    0000000e     timer_capture.obj (.data)
                  0000032a    00000002     key.obj (.data)
                  0000032c    00000001     main.obj (.data)

.stack     0    000003b0    00000050     UNINITIALIZED
                  000003b0    00000002     rts430_eabi.lib : boot.c.obj (.stack)
                  000003b2    0000004e     --HOLE--

.text      0    0000c000    00001680     
                  0000c000    0000032c     display.obj (.text:Display_refresh)
                  0000c32c    000001a2     fft.obj (.text:fft32)
                  0000c4ce    0000015e     timer_capture.obj (.text:Capture_poll)
                  0000c62c    00000136     JLX12864G.obj (.text:LCD_showGB2312Str)
                  0000c762    00000110     lcd_draw.obj (.text:LCD_drawBars)
                  0000c872    000000ee     lcd_draw.obj (.text:LCD_showUint)
                  0000c960    000000bc     JLX12864G.obj (.text:pinInit)
                  0000ca1c    000000b6     JLX12864G.obj (.text:LCD_init)
                  0000cad2    0000009e     GPIO.obj (.text:GPIO_pinMode)
                  0000cb70    00000086     lcd_draw.obj (.text:LCD_drawVLine)
                  0000cbf6    0000007c     JLX12864G.obj (.text:LCD_getAndWrite16x16)
                  0000cc72    0000007c     rts430_eabi.lib : copy_decompress_lzss.c.obj (.text:decompress:lzss:__TI_decompress_lzss)
                  0000ccee    00000078     JLX12864G.obj (.text:LCD_getAndWrite8x16)
                  0000cd66    00000076     display.obj (.text:Display_drawHeader)
                  0000cddc    00000074     main.obj (.text:main)
                  0000ce50    00000070     lcd_draw.obj (.text:LCD_showMeasure)
                  0000cec0    00000070     JLX12864G.obj (.text:LCD_writeCmd)
                  0000cf30    00000070     JLX12864G.obj (.text:LCD_writeData)
                  0000cfa0    00000064     lcd_draw.obj (.text:uint_to_str)
                  0000d004    0000005c     rts430_eabi.lib : lsr32.asm.obj (.text:l_lsr_const)
                  0000d060    00000058                     : div32u.asm.obj (.text)
                  0000d0b8    0000004c     JLX12864G.obj (.text:LCD_sendCmdToROM)
                  0000d104    0000004c     rts430_eabi.lib : lsr16.asm.obj (.text)
                  0000d150    00000046     JLX12864G.obj (.text:LCD_clear)
                  0000d196    00000042     rts430_eabi.lib : autoinit.c.obj (.text:__TI_auto_init_nobinit_nopinit:__TI_auto_init_nobinit_nopinit)
                  0000d1d8    00000040     JLX12864G.obj (.text:getDataFromROM)
                  0000d218    00000040     rts430_eabi.lib : div32s.asm.obj (.text)
                  0000d258    0000003e                     : asr32.asm.obj (.text:l_asr_const)
                  0000d296    0000003e                     : lsl32.asm.obj (.text:l_lsl_const)
                  0000d2d4    00000038     adc_measure.obj (.text:ADC_measureVDC)
                  0000d30c    00000034     lcd_draw.obj (.text:LCD_clearPages)
                  0000d340    0000002c     rts430_eabi.lib : asr16.asm.obj (.text)
                  0000d36c    0000002c                     : div16s.asm.obj (.text)
                  0000d398    0000002c                     : lsl16.asm.obj (.text)
                  0000d3c4    0000002a     GPIO.obj (.text:GPIO_pinWrite)
                  0000d3ee    0000002a     JLX12864G.obj (.text:LCD_setAddr)
                  0000d418    00000026     GPIO.obj (.text:GPIO_pinRead)
                  0000d43e    00000026     rts430_eabi.lib : mult32.asm.obj (.text)
                  0000d464    00000024     adc_measure.obj (.text:ADC_readSingle)
                  0000d488    00000022     key.obj (.text:Key_init)
                  0000d4aa    00000022     fft.obj (.text:bit_reverse)
                  0000d4cc    00000020     key.obj (.text:Port_1_ISR)
                  0000d4ec    00000020     Clock.obj (.text:delay)
                  0000d50c    0000001c     Clock.obj (.text:Clock_init)
                  0000d528    0000001c     rts430_eabi.lib : boot.c.obj (.text:_c_int00_noargs)
                  0000d544    00000016     key.obj (.text:Key_scan)
                  0000d55a    00000016     rts430_eabi.lib : mult1632.asm.obj (.text:__mpysl)
                  0000d570    00000016                     : div16u.asm.obj (.text)
                  0000d586    00000014     timer_capture.obj (.text:Capture_init)
                  0000d59a    00000014     rts430_eabi.lib : copy_zero_init.c.obj (.text:decompress:ZI:__TI_zero_init_nomemset:__TI_zero_init_nomemset)
                  0000d5ae    00000014                     : mult16.asm.obj (.text)
                  0000d5c2    00000012     key.obj (.text:Key_getEvent)
                  0000d5d4    00000012     rts430_eabi.lib : copy_decompress_none.c.obj (.text:decompress:none:__TI_decompress_none)
                  0000d5e6    00000012                     : memcpy.c.obj (.text:memcpy)
                  0000d5f8    00000010                     : epilog.asm.obj (.text)
                  0000d608    00000010                     : strcpy.c.obj (.text:strcpy)
                  0000d618    0000000e     fft.obj (.text:fft_cos)
                  0000d626    0000000e     rts430_eabi.lib : strlen.c.obj (.text:strlen)
                  0000d634    0000000c     timer_capture.obj (.text:Capture_start)
                  0000d640    0000000c     fft.obj (.text:fft_sin)
                  0000d64c    0000000a     display.obj (.text:Display_init)
                  0000d656    0000000a     rts430_eabi.lib : abs.c.obj (.text:abs)
                  0000d660    00000008                     : isr_trap.asm.obj (.text:_isr:__TI_ISR_TRAP)
                  0000d668    00000006     adc_measure.obj (.text:ADC_init)
                  0000d66e    00000006     timer_capture.obj (.text:Capture_stop)
                  0000d674    00000006     rts430_eabi.lib : exit.c.obj (.text:abort)
                  0000d67a    00000004                     : pre_init.c.obj (.text:_system_pre_init)
                  0000d67e    00000002                     : startup.c.obj (.text:_system_post_cinit)

.const     0    0000d680    00000102     
                  0000d680    000000b2     display.obj (.const:.string)
                  0000d732    00000040     fft.obj (.const:sin_table)
                  0000d772    00000010     display.obj (.const:.string:$P$T0$1)

.cinit     0    0000d782    0000001a     
                  0000d782    00000007     (.cinit..data.load) [load image, compression = lzss]
                  0000d789    00000001     --HOLE-- [fill = 0]
                  0000d78a    00000006     (__TI_handler_table)
                  0000d790    00000004     (.cinit..bss.load) [load image, compression = zero_init]
                  0000d794    00000008     (__TI_cinit_table)

.binit     0    0000c000    00000000     

.init_array 
*          0    0000c000    00000000     UNINITIALIZED

TRAPINT    0    0000ffe0    00000002     
                  0000ffe0    00000002     rts430_eabi.lib : int00.asm.obj (.int00)

PORT1      0    0000ffe4    00000002     
                  0000ffe4    00000002     key.obj (.int02)

PORT2      0    0000ffe6    00000002     
                  0000ffe6    00000002     rts430_eabi.lib : int03.asm.obj (.int03)

ADC10      0    0000ffea    00000002     
                  0000ffea    00000002     rts430_eabi.lib : int05.asm.obj (.int05)

USCIAB0TX 
*          0    0000ffec    00000002     
                  0000ffec    00000002     rts430_eabi.lib : int06.asm.obj (.int06)

USCIAB0RX 
*          0    0000ffee    00000002     
                  0000ffee    00000002     rts430_eabi.lib : int07.asm.obj (.int07)

TIMER0_A1 
*          0    0000fff0    00000002     
                  0000fff0    00000002     rts430_eabi.lib : int08.asm.obj (.int08)

TIMER0_A0 
*          0    0000fff2    00000002     
                  0000fff2    00000002     rts430_eabi.lib : int09.asm.obj (.int09)

WDT        0    0000fff4    00000002     
                  0000fff4    00000002     rts430_eabi.lib : int10.asm.obj (.int10)

COMPARATORA 
*          0    0000fff6    00000002     
                  0000fff6    00000002     rts430_eabi.lib : int11.asm.obj (.int11)

TIMER1_A1 
*          0    0000fff8    00000002     
                  0000fff8    00000002     rts430_eabi.lib : int12.asm.obj (.int12)

TIMER1_A0 
*          0    0000fffa    00000002     
                  0000fffa    00000002     rts430_eabi.lib : int13.asm.obj (.int13)

NMI        0    0000fffc    00000002     
                  0000fffc    00000002     rts430_eabi.lib : int14.asm.obj (.int14)

.reset     0    0000fffe    00000002     
                  0000fffe    00000002     rts430_eabi.lib : boot.c.obj (.reset)

$fill000   0    0000ffde    00000002     
                  0000ffde    00000002     --HOLE-- [fill = ffff]

MODULE SUMMARY

       Module                       code   ro data   rw data
       ------                       ----   -------   -------
    .\
       display.obj                  940    194       272    
       JLX12864G.obj                1400   0         0      
       lcd_draw.obj                 908    0         12     
       fft.obj                      478    64        0      
       timer_capture.obj            388    0         14     
       GPIO.obj                     238    0         0      
       main.obj                     116    0         1      
       key.obj                      106    2         2      
       adc_measure.obj              98     0         0      
       Clock.obj                    60     0         0      
    +--+----------------------------+------+---------+---------+
       Total:                       4732   260       301    
                                                            
    C:\TI\ccs2020\ccs\tools\compiler\ti-cgt-msp430_21.6.1.LTS\lib\rts430_eabi.lib
       copy_decompress_lzss.c.obj   124    0         0      
       lsr32.asm.obj                92     0         0      
       div32u.asm.obj               88     0         0      
       lsr16.asm.obj                76     0         0      
       autoinit.c.obj               66     0         0      
       div32s.asm.obj               64     0         0      
       asr32.asm.obj                62     0         0      
       lsl32.asm.obj                62     0         0      
       asr16.asm.obj                44     0         0      
       div16s.asm.obj               44     0         0      
       lsl16.asm.obj                44     0         0      
       mult32.asm.obj               38     0         0      
       boot.c.obj                   28     2         0      
       div16u.asm.obj               22     0         0      
       mult1632.asm.obj             22     0         0      
       copy_zero_init.c.obj         20     0         0      
       mult16.asm.obj               20     0         0      
       copy_decompress_none.c.obj   18     0         0      
       memcpy.c.obj                 18     0         0      
       epilog.asm.obj               16     0         0      
       strcpy.c.obj                 16     0         0      
       strlen.c.obj                 14     0         0      
       abs.c.obj                    10     0         0      
       isr_trap.asm.obj             8      0         0      
       exit.c.obj                   6      0         0      
       pre_init.c.obj               4      0         0      
       int00.asm.obj                0      2         0      
       int03.asm.obj                0      2         0      
       int05.asm.obj                0      2         0      
       int06.asm.obj                0      2         0      
       int07.asm.obj                0      2         0      
       int08.asm.obj                0      2         0      
       int09.asm.obj                0      2         0      
       int10.asm.obj                0      2         0      
       int11.asm.obj                0      2         0      
       int12.asm.obj                0      2         0      
       int13.asm.obj                0      2         0      
       int14.asm.obj                0      2         0      
       startup.c.obj                2      0         0      
    +--+----------------------------+------+---------+---------+
       Total:                       1028   26        0      
                                                            
       Stack:                       0      0         80     
       Linker Generated:            0      25        0      
    +--+----------------------------+------+---------+---------+
       Grand Total:                 5760   311       381    


LINKER GENERATED COPY TABLES

__TI_cinit_table @ 0000d794 records: 2, size/record: 4, table size: 8
	.data: load addr=0000d782, load size=00000007 bytes, run addr=0000031c, run size=00000011 bytes, compression=lzss
	.bss: load addr=0000d790, load size=00000004 bytes, run addr=00000200, run size=0000011c bytes, compression=zero_init


LINKER GENERATED HANDLER TABLE

__TI_handler_table @ 0000d78a records: 3, size/record: 2, table size: 6
	index: 0, handler: __TI_zero_init
	index: 1, handler: __TI_decompress_lzss
	index: 2, handler: __TI_decompress_none


GLOBAL SYMBOLS: SORTED ALPHABETICALLY BY Name 

address   name                          
-------   ----                          
0000004a  ADC10AE0                      
000001b0  ADC10CTL0                     
000001b2  ADC10CTL1                     
00000048  ADC10DTC0                     
00000049  ADC10DTC1                     
000001b4  ADC10MEM                      
000001bc  ADC10SA                       
0000d668  ADC_init                      
0000d2d4  ADC_measureVDC                
0000d464  ADC_readSingle                
00000057  BCSCTL1                       
00000058  BCSCTL2                       
00000053  BCSCTL3                       
0000d674  C$$EXIT                       
00000059  CACTL1                        
0000005a  CACTL2                        
000010fb  CALBC1_12MHZ                  
000010f9  CALBC1_16MHZ                  
000010ff  CALBC1_1MHZ                   
000010fd  CALBC1_8MHZ                   
000010fa  CALDCO_12MHZ                  
000010f8  CALDCO_16MHZ                  
000010fe  CALDCO_1MHZ                   
000010fc  CALDCO_8MHZ                   
0000005b  CAPD                          
0000d586  Capture_init                  
0000c4ce  Capture_poll                  
0000d634  Capture_start                 
0000d66e  Capture_stop                  
0000d50c  Clock_init                    
00000056  DCOCTL                        
0000cd66  Display_drawHeader            
0000d64c  Display_init                  
0000c000  Display_refresh               
00000128  FCTL1                         
0000012a  FCTL2                         
0000012c  FCTL3                         
0000cad2  GPIO_pinMode                  
0000d418  GPIO_pinRead                  
0000d3c4  GPIO_pinWrite                 
00000000  IE1                           
00000001  IE2                           
00000002  IFG1                          
00000003  IFG2                          
0000d5c2  Key_getEvent                  
0000d488  Key_init                      
0000d544  Key_scan                      
0000d150  LCD_clear                     
0000d30c  LCD_clearPages                
0000c762  LCD_drawBars                  
0000cb70  LCD_drawVLine                 
0000cbf6  LCD_getAndWrite16x16          
0000ccee  LCD_getAndWrite8x16           
0000ca1c  LCD_init                      
0000d0b8  LCD_sendCmdToROM              
0000d3ee  LCD_setAddr                   
0000c62c  LCD_showGB2312Str             
0000ce50  LCD_showMeasure               
0000c872  LCD_showUint                  
0000cec0  LCD_writeCmd                  
0000cf30  LCD_writeData                 
00000022  P1DIR                         
00000025  P1IE                          
00000024  P1IES                         
00000023  P1IFG                         
00000020  P1IN                          
00000021  P1OUT                         
00000027  P1REN                         
00000026  P1SEL                         
00000041  P1SEL2                        
0000002a  P2DIR                         
0000002d  P2IE                          
0000002c  P2IES                         
0000002b  P2IFG                         
00000028  P2IN                          
00000029  P2OUT                         
0000002f  P2REN                         
0000002e  P2SEL                         
00000042  P2SEL2                        
0000001a  P3DIR                         
00000018  P3IN                          
00000019  P3OUT                         
00000010  P3REN                         
0000001b  P3SEL                         
00000043  P3SEL2                        
0000d4cc  Port_1_ISR                    
00000172  TA0CCR0                       
00000174  TA0CCR1                       
00000176  TA0CCR2                       
00000162  TA0CCTL0                      
00000164  TA0CCTL1                      
00000166  TA0CCTL2                      
00000160  TA0CTL                        
0000012e  TA0IV                         
00000170  TA0R                          
00000192  TA1CCR0                       
00000194  TA1CCR1                       
00000196  TA1CCR2                       
00000182  TA1CCTL0                      
00000184  TA1CCTL1                      
00000186  TA1CCTL2                      
00000180  TA1CTL                        
0000011e  TA1IV                         
00000190  TA1R                          
000010db  TLV_ADC10_1_LEN               
000010da  TLV_ADC10_1_TAG               
000010c0  TLV_CHECKSUM                  
000010f7  TLV_DCO_30_LEN                
000010f6  TLV_DCO_30_TAG                
0000005d  UCA0ABCTL                     
00000062  UCA0BR0                       
00000063  UCA0BR1                       
00000060  UCA0CTL0                      
00000061  UCA0CTL1                      
0000005f  UCA0IRRCTL                    
0000005e  UCA0IRTCTL                    
00000064  UCA0MCTL                      
00000066  UCA0RXBUF                     
00000065  UCA0STAT                      
00000067  UCA0TXBUF                     
0000006a  UCB0BR0                       
0000006b  UCB0BR1                       
00000068  UCB0CTL0                      
00000069  UCB0CTL1                      
0000006c  UCB0I2CIE                     
00000118  UCB0I2COA                     
0000011a  UCB0I2CSA                     
0000006e  UCB0RXBUF                     
0000006d  UCB0STAT                      
0000006f  UCB0TXBUF                     
00000120  WDTCTL                        
00000400  __STACK_END                   
00000050  __STACK_SIZE                  
0000d794  __TI_CINIT_Base               
0000d79c  __TI_CINIT_Limit              
0000d79c  __TI_CINIT_Warm               
0000d78a  __TI_Handler_Table_Base       
0000d790  __TI_Handler_Table_Limit      
0000d660  __TI_ISR_TRAP                 
0000d196  __TI_auto_init_nobinit_nopinit
0000cc72  __TI_decompress_lzss          
0000d5d4  __TI_decompress_none          
0000ffe0  __TI_int00                    
0000ffe4  __TI_int02                    
0000ffe6  __TI_int03                    
0000ffea  __TI_int05                    
0000ffec  __TI_int06                    
0000ffee  __TI_int07                    
0000fff0  __TI_int08                    
0000fff2  __TI_int09                    
0000fff4  __TI_int10                    
0000fff6  __TI_int11                    
0000fff8  __TI_int12                    
0000fffa  __TI_int13                    
0000fffc  __TI_int14                    
ffffffff  __TI_pprof_out_hndl           
ffffffff  __TI_prof_data_size           
ffffffff  __TI_prof_data_start          
0000d59a  __TI_zero_init_nomemset       
ffffffff  __c_args__                    
0000d36c  __mspabi_divi                 
0000d218  __mspabi_divli                
0000d570  __mspabi_divu                 
0000d060  __mspabi_divul                
0000d604  __mspabi_func_epilog_1        
0000d602  __mspabi_func_epilog_2        
0000d600  __mspabi_func_epilog_3        
0000d5fe  __mspabi_func_epilog_4        
0000d5fc  __mspabi_func_epilog_5        
0000d5fa  __mspabi_func_epilog_6        
0000d5f8  __mspabi_func_epilog_7        
0000d5ae  __mspabi_mpyi                 
0000d5ae  __mspabi_mpyi_sw              
0000d43e  __mspabi_mpyl                 
0000d43e  __mspabi_mpyl_sw              
0000d55a  __mspabi_mpysl                
0000d55a  __mspabi_mpysl_sw             
0000d36c  __mspabi_remi                 
0000d218  __mspabi_remli                
0000d570  __mspabi_remu                 
0000d060  __mspabi_remul                
0000d398  __mspabi_slli                 
0000d3c0  __mspabi_slli_1               
0000d3ae  __mspabi_slli_10              
0000d3ac  __mspabi_slli_11              
0000d3aa  __mspabi_slli_12              
0000d3a8  __mspabi_slli_13              
0000d3a6  __mspabi_slli_14              
0000d3a4  __mspabi_slli_15              
0000d3be  __mspabi_slli_2               
0000d3bc  __mspabi_slli_3               
0000d3ba  __mspabi_slli_4               
0000d3b8  __mspabi_slli_5               
0000d3b6  __mspabi_slli_6               
0000d3b4  __mspabi_slli_7               
0000d3b2  __mspabi_slli_8               
0000d3b0  __mspabi_slli_9               
0000d2ce  __mspabi_slll_1               
0000d2aa  __mspabi_slll_10              
0000d2a6  __mspabi_slll_11              
0000d2a2  __mspabi_slll_12              
0000d29e  __mspabi_slll_13              
0000d29a  __mspabi_slll_14              
0000d296  __mspabi_slll_15              
0000d2ca  __mspabi_slll_2               
0000d2c6  __mspabi_slll_3               
0000d2c2  __mspabi_slll_4               
0000d2be  __mspabi_slll_5               
0000d2ba  __mspabi_slll_6               
0000d2b6  __mspabi_slll_7               
0000d2b2  __mspabi_slll_8               
0000d2ae  __mspabi_slll_9               
0000d340  __mspabi_srai                 
0000d368  __mspabi_srai_1               
0000d356  __mspabi_srai_10              
0000d354  __mspabi_srai_11              
0000d352  __mspabi_srai_12              
0000d350  __mspabi_srai_13              
0000d34e  __mspabi_srai_14              
0000d34c  __mspabi_srai_15              
0000d366  __mspabi_srai_2               
0000d364  __mspabi_srai_3               
0000d362  __mspabi_srai_4               
0000d360  __mspabi_srai_5               
0000d35e  __mspabi_srai_6               
0000d35c  __mspabi_srai_7               
0000d35a  __mspabi_srai_8               
0000d358  __mspabi_srai_9               
0000d290  __mspabi_sral_1               
0000d26c  __mspabi_sral_10              
0000d268  __mspabi_sral_11              
0000d264  __mspabi_sral_12              
0000d260  __mspabi_sral_13              
0000d25c  __mspabi_sral_14              
0000d258  __mspabi_sral_15              
0000d28c  __mspabi_sral_2               
0000d288  __mspabi_sral_3               
0000d284  __mspabi_sral_4               
0000d280  __mspabi_sral_5               
0000d27c  __mspabi_sral_6               
0000d278  __mspabi_sral_7               
0000d274  __mspabi_sral_8               
0000d270  __mspabi_sral_9               
0000d104  __mspabi_srli                 
0000d14a  __mspabi_srli_1               
0000d126  __mspabi_srli_10              
0000d122  __mspabi_srli_11              
0000d11e  __mspabi_srli_12              
0000d11a  __mspabi_srli_13              
0000d116  __mspabi_srli_14              
0000d112  __mspabi_srli_15              
0000d146  __mspabi_srli_2               
0000d142  __mspabi_srli_3               
0000d13e  __mspabi_srli_4               
0000d13a  __mspabi_srli_5               
0000d136  __mspabi_srli_6               
0000d132  __mspabi_srli_7               
0000d12e  __mspabi_srli_8               
0000d12a  __mspabi_srli_9               
0000d058  __mspabi_srll_1               
0000d022  __mspabi_srll_10              
0000d01c  __mspabi_srll_11              
0000d016  __mspabi_srll_12              
0000d010  __mspabi_srll_13              
0000d00a  __mspabi_srll_14              
0000d004  __mspabi_srll_15              
0000d052  __mspabi_srll_2               
0000d04c  __mspabi_srll_3               
0000d046  __mspabi_srll_4               
0000d040  __mspabi_srll_5               
0000d03a  __mspabi_srll_6               
0000d034  __mspabi_srll_7               
0000d02e  __mspabi_srll_8               
0000d028  __mspabi_srll_9               
0000d528  _c_int00_noargs               
0000fffe  _reset_vector                 
000003b0  _stack                        
0000d67e  _system_post_cinit            
0000d67a  _system_pre_init              
0000d674  abort                         
0000d656  abs                           
0000032c  current_page                  
0000d4ec  delay                         
0000c32c  fft32                         
00000320  g_duty                        
0000031c  g_freq_hz                     
0000cddc  main                          
0000d5e6  memcpy                        
0000d608  strcpy                        
0000d626  strlen                        


GLOBAL SYMBOLS: SORTED BY Symbol Address 

address   name                          
-------   ----                          
00000000  IE1                           
00000001  IE2                           
00000002  IFG1                          
00000003  IFG2                          
00000010  P3REN                         
00000018  P3IN                          
00000019  P3OUT                         
0000001a  P3DIR                         
0000001b  P3SEL                         
00000020  P1IN                          
00000021  P1OUT                         
00000022  P1DIR                         
00000023  P1IFG                         
00000024  P1IES                         
00000025  P1IE                          
00000026  P1SEL                         
00000027  P1REN                         
00000028  P2IN                          
00000029  P2OUT                         
0000002a  P2DIR                         
0000002b  P2IFG                         
0000002c  P2IES                         
0000002d  P2IE                          
0000002e  P2SEL                         
0000002f  P2REN                         
00000041  P1SEL2                        
00000042  P2SEL2                        
00000043  P3SEL2                        
00000048  ADC10DTC0                     
00000049  ADC10DTC1                     
0000004a  ADC10AE0                      
00000050  __STACK_SIZE                  
00000053  BCSCTL3                       
00000056  DCOCTL                        
00000057  BCSCTL1                       
00000058  BCSCTL2                       
00000059  CACTL1                        
0000005a  CACTL2                        
0000005b  CAPD                          
0000005d  UCA0ABCTL                     
0000005e  UCA0IRTCTL                    
0000005f  UCA0IRRCTL                    
00000060  UCA0CTL0                      
00000061  UCA0CTL1                      
00000062  UCA0BR0                       
00000063  UCA0BR1                       
00000064  UCA0MCTL                      
00000065  UCA0STAT                      
00000066  UCA0RXBUF                     
00000067  UCA0TXBUF                     
00000068  UCB0CTL0                      
00000069  UCB0CTL1                      
0000006a  UCB0BR0                       
0000006b  UCB0BR1                       
0000006c  UCB0I2CIE                     
0000006d  UCB0STAT                      
0000006e  UCB0RXBUF                     
0000006f  UCB0TXBUF                     
00000118  UCB0I2COA                     
0000011a  UCB0I2CSA                     
0000011e  TA1IV                         
00000120  WDTCTL                        
00000128  FCTL1                         
0000012a  FCTL2                         
0000012c  FCTL3                         
0000012e  TA0IV                         
00000160  TA0CTL                        
00000162  TA0CCTL0                      
00000164  TA0CCTL1                      
00000166  TA0CCTL2                      
00000170  TA0R                          
00000172  TA0CCR0                       
00000174  TA0CCR1                       
00000176  TA0CCR2                       
00000180  TA1CTL                        
00000182  TA1CCTL0                      
00000184  TA1CCTL1                      
00000186  TA1CCTL2                      
00000190  TA1R                          
00000192  TA1CCR0                       
00000194  TA1CCR1                       
00000196  TA1CCR2                       
000001b0  ADC10CTL0                     
000001b2  ADC10CTL1                     
000001b4  ADC10MEM                      
000001bc  ADC10SA                       
0000031c  g_freq_hz                     
00000320  g_duty                        
0000032c  current_page                  
000003b0  _stack                        
00000400  __STACK_END                   
000010c0  TLV_CHECKSUM                  
000010da  TLV_ADC10_1_TAG               
000010db  TLV_ADC10_1_LEN               
000010f6  TLV_DCO_30_TAG                
000010f7  TLV_DCO_30_LEN                
000010f8  CALDCO_16MHZ                  
000010f9  CALBC1_16MHZ                  
000010fa  CALDCO_12MHZ                  
000010fb  CALBC1_12MHZ                  
000010fc  CALDCO_8MHZ                   
000010fd  CALBC1_8MHZ                   
000010fe  CALDCO_1MHZ                   
000010ff  CALBC1_1MHZ                   
0000c000  Display_refresh               
0000c32c  fft32                         
0000c4ce  Capture_poll                  
0000c62c  LCD_showGB2312Str             
0000c762  LCD_drawBars                  
0000c872  LCD_showUint                  
0000ca1c  LCD_init                      
0000cad2  GPIO_pinMode                  
0000cb70  LCD_drawVLine                 
0000cbf6  LCD_getAndWrite16x16          
0000cc72  __TI_decompress_lzss          
0000ccee  LCD_getAndWrite8x16           
0000cd66  Display_drawHeader            
0000cddc  main                          
0000ce50  LCD_showMeasure               
0000cec0  LCD_writeCmd                  
0000cf30  LCD_writeData                 
0000d004  __mspabi_srll_15              
0000d00a  __mspabi_srll_14              
0000d010  __mspabi_srll_13              
0000d016  __mspabi_srll_12              
0000d01c  __mspabi_srll_11              
0000d022  __mspabi_srll_10              
0000d028  __mspabi_srll_9               
0000d02e  __mspabi_srll_8               
0000d034  __mspabi_srll_7               
0000d03a  __mspabi_srll_6               
0000d040  __mspabi_srll_5               
0000d046  __mspabi_srll_4               
0000d04c  __mspabi_srll_3               
0000d052  __mspabi_srll_2               
0000d058  __mspabi_srll_1               
0000d060  __mspabi_divul                
0000d060  __mspabi_remul                
0000d0b8  LCD_sendCmdToROM              
0000d104  __mspabi_srli                 
0000d112  __mspabi_srli_15              
0000d116  __mspabi_srli_14              
0000d11a  __mspabi_srli_13              
0000d11e  __mspabi_srli_12              
0000d122  __mspabi_srli_11              
0000d126  __mspabi_srli_10              
0000d12a  __mspabi_srli_9               
0000d12e  __mspabi_srli_8               
0000d132  __mspabi_srli_7               
0000d136  __mspabi_srli_6               
0000d13a  __mspabi_srli_5               
0000d13e  __mspabi_srli_4               
0000d142  __mspabi_srli_3               
0000d146  __mspabi_srli_2               
0000d14a  __mspabi_srli_1               
0000d150  LCD_clear                     
0000d196  __TI_auto_init_nobinit_nopinit
0000d218  __mspabi_divli                
0000d218  __mspabi_remli                
0000d258  __mspabi_sral_15              
0000d25c  __mspabi_sral_14              
0000d260  __mspabi_sral_13              
0000d264  __mspabi_sral_12              
0000d268  __mspabi_sral_11              
0000d26c  __mspabi_sral_10              
0000d270  __mspabi_sral_9               
0000d274  __mspabi_sral_8               
0000d278  __mspabi_sral_7               
0000d27c  __mspabi_sral_6               
0000d280  __mspabi_sral_5               
0000d284  __mspabi_sral_4               
0000d288  __mspabi_sral_3               
0000d28c  __mspabi_sral_2               
0000d290  __mspabi_sral_1               
0000d296  __mspabi_slll_15              
0000d29a  __mspabi_slll_14              
0000d29e  __mspabi_slll_13              
0000d2a2  __mspabi_slll_12              
0000d2a6  __mspabi_slll_11              
0000d2aa  __mspabi_slll_10              
0000d2ae  __mspabi_slll_9               
0000d2b2  __mspabi_slll_8               
0000d2b6  __mspabi_slll_7               
0000d2ba  __mspabi_slll_6               
0000d2be  __mspabi_slll_5               
0000d2c2  __mspabi_slll_4               
0000d2c6  __mspabi_slll_3               
0000d2ca  __mspabi_slll_2               
0000d2ce  __mspabi_slll_1               
0000d2d4  ADC_measureVDC                
0000d30c  LCD_clearPages                
0000d340  __mspabi_srai                 
0000d34c  __mspabi_srai_15              
0000d34e  __mspabi_srai_14              
0000d350  __mspabi_srai_13              
0000d352  __mspabi_srai_12              
0000d354  __mspabi_srai_11              
0000d356  __mspabi_srai_10              
0000d358  __mspabi_srai_9               
0000d35a  __mspabi_srai_8               
0000d35c  __mspabi_srai_7               
0000d35e  __mspabi_srai_6               
0000d360  __mspabi_srai_5               
0000d362  __mspabi_srai_4               
0000d364  __mspabi_srai_3               
0000d366  __mspabi_srai_2               
0000d368  __mspabi_srai_1               
0000d36c  __mspabi_divi                 
0000d36c  __mspabi_remi                 
0000d398  __mspabi_slli                 
0000d3a4  __mspabi_slli_15              
0000d3a6  __mspabi_slli_14              
0000d3a8  __mspabi_slli_13              
0000d3aa  __mspabi_slli_12              
0000d3ac  __mspabi_slli_11              
0000d3ae  __mspabi_slli_10              
0000d3b0  __mspabi_slli_9               
0000d3b2  __mspabi_slli_8               
0000d3b4  __mspabi_slli_7               
0000d3b6  __mspabi_slli_6               
0000d3b8  __mspabi_slli_5               
0000d3ba  __mspabi_slli_4               
0000d3bc  __mspabi_slli_3               
0000d3be  __mspabi_slli_2               
0000d3c0  __mspabi_slli_1               
0000d3c4  GPIO_pinWrite                 
0000d3ee  LCD_setAddr                   
0000d418  GPIO_pinRead                  
0000d43e  __mspabi_mpyl                 
0000d43e  __mspabi_mpyl_sw              
0000d464  ADC_readSingle                
0000d488  Key_init                      
0000d4cc  Port_1_ISR                    
0000d4ec  delay                         
0000d50c  Clock_init                    
0000d528  _c_int00_noargs               
0000d544  Key_scan                      
0000d55a  __mspabi_mpysl                
0000d55a  __mspabi_mpysl_sw             
0000d570  __mspabi_divu                 
0000d570  __mspabi_remu                 
0000d586  Capture_init                  
0000d59a  __TI_zero_init_nomemset       
0000d5ae  __mspabi_mpyi                 
0000d5ae  __mspabi_mpyi_sw              
0000d5c2  Key_getEvent                  
0000d5d4  __TI_decompress_none          
0000d5e6  memcpy                        
0000d5f8  __mspabi_func_epilog_7        
0000d5fa  __mspabi_func_epilog_6        
0000d5fc  __mspabi_func_epilog_5        
0000d5fe  __mspabi_func_epilog_4        
0000d600  __mspabi_func_epilog_3        
0000d602  __mspabi_func_epilog_2        
0000d604  __mspabi_func_epilog_1        
0000d608  strcpy                        
0000d626  strlen                        
0000d634  Capture_start                 
0000d64c  Display_init                  
0000d656  abs                           
0000d660  __TI_ISR_TRAP                 
0000d668  ADC_init                      
0000d66e  Capture_stop                  
0000d674  C$$EXIT                       
0000d674  abort                         
0000d67a  _system_pre_init              
0000d67e  _system_post_cinit            
0000d78a  __TI_Handler_Table_Base       
0000d790  __TI_Handler_Table_Limit      
0000d794  __TI_CINIT_Base               
0000d79c  __TI_CINIT_Limit              
0000d79c  __TI_CINIT_Warm               
0000ffe0  __TI_int00                    
0000ffe4  __TI_int02                    
0000ffe6  __TI_int03                    
0000ffea  __TI_int05                    
0000ffec  __TI_int06                    
0000ffee  __TI_int07                    
0000fff0  __TI_int08                    
0000fff2  __TI_int09                    
0000fff4  __TI_int10                    
0000fff6  __TI_int11                    
0000fff8  __TI_int12                    
0000fffa  __TI_int13                    
0000fffc  __TI_int14                    
0000fffe  _reset_vector                 
ffffffff  __TI_pprof_out_hndl           
ffffffff  __TI_prof_data_size           
ffffffff  __TI_prof_data_start          
ffffffff  __c_args__                    

[290 symbols]
