<?xml version="1.0" encoding="ISO-8859-1" ?>
<link_info>
   <banner>MSP430 Linker PC v21.6.1.LTS</banner>
   <copyright>Copyright (c) 2003-2018 Texas Instruments Incorporated</copyright>
   <link_time>0x69cd1e83</link_time>
   <link_errors>0x0</link_errors>
   <output_file>G2553_JLX12864G_Test.out</output_file>
   <entry_point>
      <name>_c_int00_noargs</name>
      <address>0xe086</address>
   </entry_point>
   <input_file_list>
      <input_file id="fl-2">
         <path>.\</path>
         <kind>object</kind>
         <file>Clock.obj</file>
         <name>Clock.obj</name>
      </input_file>
      <input_file id="fl-3">
         <path>.\</path>
         <kind>object</kind>
         <file>GPIO.obj</file>
         <name>GPIO.obj</name>
      </input_file>
      <input_file id="fl-4">
         <path>.\</path>
         <kind>object</kind>
         <file>JLX12864G.obj</file>
         <name>JLX12864G.obj</name>
      </input_file>
      <input_file id="fl-5">
         <path>.\</path>
         <kind>object</kind>
         <file>adc_measure.obj</file>
         <name>adc_measure.obj</name>
      </input_file>
      <input_file id="fl-6">
         <path>.\</path>
         <kind>object</kind>
         <file>display.obj</file>
         <name>display.obj</name>
      </input_file>
      <input_file id="fl-7">
         <path>.\</path>
         <kind>object</kind>
         <file>fft.obj</file>
         <name>fft.obj</name>
      </input_file>
      <input_file id="fl-8">
         <path>.\</path>
         <kind>object</kind>
         <file>key.obj</file>
         <name>key.obj</name>
      </input_file>
      <input_file id="fl-9">
         <path>.\</path>
         <kind>object</kind>
         <file>lcd_draw.obj</file>
         <name>lcd_draw.obj</name>
      </input_file>
      <input_file id="fl-a">
         <path>.\</path>
         <kind>object</kind>
         <file>main.obj</file>
         <name>main.obj</name>
      </input_file>
      <input_file id="fl-b">
         <path>.\</path>
         <kind>object</kind>
         <file>timer_capture.obj</file>
         <name>timer_capture.obj</name>
      </input_file>
      <input_file id="fl-c">
         <path>.\</path>
         <kind>object</kind>
         <file>uart.obj</file>
         <name>uart.obj</name>
      </input_file>
      <input_file id="fl-11">
         <kind>object</kind>
         <file>&lt;internal&gt;</file>
         <name>&lt;internal&gt;</name>
      </input_file>
      <input_file id="fl-27">
         <path>C:\TI\ccs2020\ccs\tools\compiler\ti-cgt-msp430_21.6.1.LTS\lib\</path>
         <kind>archive</kind>
         <file>rts430_eabi.lib</file>
         <name>asr16.asm.obj</name>
      </input_file>
      <input_file id="fl-28">
         <path>C:\TI\ccs2020\ccs\tools\compiler\ti-cgt-msp430_21.6.1.LTS\lib\</path>
         <kind>archive</kind>
         <file>rts430_eabi.lib</file>
         <name>asr32.asm.obj</name>
      </input_file>
      <input_file id="fl-29">
         <path>C:\TI\ccs2020\ccs\tools\compiler\ti-cgt-msp430_21.6.1.LTS\lib\</path>
         <kind>archive</kind>
         <file>rts430_eabi.lib</file>
         <name>div16s.asm.obj</name>
      </input_file>
      <input_file id="fl-2a">
         <path>C:\TI\ccs2020\ccs\tools\compiler\ti-cgt-msp430_21.6.1.LTS\lib\</path>
         <kind>archive</kind>
         <file>rts430_eabi.lib</file>
         <name>div16u.asm.obj</name>
      </input_file>
      <input_file id="fl-2b">
         <path>C:\TI\ccs2020\ccs\tools\compiler\ti-cgt-msp430_21.6.1.LTS\lib\</path>
         <kind>archive</kind>
         <file>rts430_eabi.lib</file>
         <name>div32s.asm.obj</name>
      </input_file>
      <input_file id="fl-2c">
         <path>C:\TI\ccs2020\ccs\tools\compiler\ti-cgt-msp430_21.6.1.LTS\lib\</path>
         <kind>archive</kind>
         <file>rts430_eabi.lib</file>
         <name>div32u.asm.obj</name>
      </input_file>
      <input_file id="fl-2d">
         <path>C:\TI\ccs2020\ccs\tools\compiler\ti-cgt-msp430_21.6.1.LTS\lib\</path>
         <kind>archive</kind>
         <file>rts430_eabi.lib</file>
         <name>epilog.asm.obj</name>
      </input_file>
      <input_file id="fl-2e">
         <path>C:\TI\ccs2020\ccs\tools\compiler\ti-cgt-msp430_21.6.1.LTS\lib\</path>
         <kind>archive</kind>
         <file>rts430_eabi.lib</file>
         <name>int00.asm.obj</name>
      </input_file>
      <input_file id="fl-2f">
         <path>C:\TI\ccs2020\ccs\tools\compiler\ti-cgt-msp430_21.6.1.LTS\lib\</path>
         <kind>archive</kind>
         <file>rts430_eabi.lib</file>
         <name>int03.asm.obj</name>
      </input_file>
      <input_file id="fl-30">
         <path>C:\TI\ccs2020\ccs\tools\compiler\ti-cgt-msp430_21.6.1.LTS\lib\</path>
         <kind>archive</kind>
         <file>rts430_eabi.lib</file>
         <name>int05.asm.obj</name>
      </input_file>
      <input_file id="fl-31">
         <path>C:\TI\ccs2020\ccs\tools\compiler\ti-cgt-msp430_21.6.1.LTS\lib\</path>
         <kind>archive</kind>
         <file>rts430_eabi.lib</file>
         <name>int06.asm.obj</name>
      </input_file>
      <input_file id="fl-32">
         <path>C:\TI\ccs2020\ccs\tools\compiler\ti-cgt-msp430_21.6.1.LTS\lib\</path>
         <kind>archive</kind>
         <file>rts430_eabi.lib</file>
         <name>int07.asm.obj</name>
      </input_file>
      <input_file id="fl-33">
         <path>C:\TI\ccs2020\ccs\tools\compiler\ti-cgt-msp430_21.6.1.LTS\lib\</path>
         <kind>archive</kind>
         <file>rts430_eabi.lib</file>
         <name>int08.asm.obj</name>
      </input_file>
      <input_file id="fl-34">
         <path>C:\TI\ccs2020\ccs\tools\compiler\ti-cgt-msp430_21.6.1.LTS\lib\</path>
         <kind>archive</kind>
         <file>rts430_eabi.lib</file>
         <name>int10.asm.obj</name>
      </input_file>
      <input_file id="fl-35">
         <path>C:\TI\ccs2020\ccs\tools\compiler\ti-cgt-msp430_21.6.1.LTS\lib\</path>
         <kind>archive</kind>
         <file>rts430_eabi.lib</file>
         <name>int11.asm.obj</name>
      </input_file>
      <input_file id="fl-36">
         <path>C:\TI\ccs2020\ccs\tools\compiler\ti-cgt-msp430_21.6.1.LTS\lib\</path>
         <kind>archive</kind>
         <file>rts430_eabi.lib</file>
         <name>int12.asm.obj</name>
      </input_file>
      <input_file id="fl-37">
         <path>C:\TI\ccs2020\ccs\tools\compiler\ti-cgt-msp430_21.6.1.LTS\lib\</path>
         <kind>archive</kind>
         <file>rts430_eabi.lib</file>
         <name>int13.asm.obj</name>
      </input_file>
      <input_file id="fl-38">
         <path>C:\TI\ccs2020\ccs\tools\compiler\ti-cgt-msp430_21.6.1.LTS\lib\</path>
         <kind>archive</kind>
         <file>rts430_eabi.lib</file>
         <name>int14.asm.obj</name>
      </input_file>
      <input_file id="fl-39">
         <path>C:\TI\ccs2020\ccs\tools\compiler\ti-cgt-msp430_21.6.1.LTS\lib\</path>
         <kind>archive</kind>
         <file>rts430_eabi.lib</file>
         <name>isr_trap.asm.obj</name>
      </input_file>
      <input_file id="fl-3a">
         <path>C:\TI\ccs2020\ccs\tools\compiler\ti-cgt-msp430_21.6.1.LTS\lib\</path>
         <kind>archive</kind>
         <file>rts430_eabi.lib</file>
         <name>lsl16.asm.obj</name>
      </input_file>
      <input_file id="fl-3b">
         <path>C:\TI\ccs2020\ccs\tools\compiler\ti-cgt-msp430_21.6.1.LTS\lib\</path>
         <kind>archive</kind>
         <file>rts430_eabi.lib</file>
         <name>lsl32.asm.obj</name>
      </input_file>
      <input_file id="fl-3c">
         <path>C:\TI\ccs2020\ccs\tools\compiler\ti-cgt-msp430_21.6.1.LTS\lib\</path>
         <kind>archive</kind>
         <file>rts430_eabi.lib</file>
         <name>lsr16.asm.obj</name>
      </input_file>
      <input_file id="fl-3d">
         <path>C:\TI\ccs2020\ccs\tools\compiler\ti-cgt-msp430_21.6.1.LTS\lib\</path>
         <kind>archive</kind>
         <file>rts430_eabi.lib</file>
         <name>lsr32.asm.obj</name>
      </input_file>
      <input_file id="fl-3e">
         <path>C:\TI\ccs2020\ccs\tools\compiler\ti-cgt-msp430_21.6.1.LTS\lib\</path>
         <kind>archive</kind>
         <file>rts430_eabi.lib</file>
         <name>mult16.asm.obj</name>
      </input_file>
      <input_file id="fl-3f">
         <path>C:\TI\ccs2020\ccs\tools\compiler\ti-cgt-msp430_21.6.1.LTS\lib\</path>
         <kind>archive</kind>
         <file>rts430_eabi.lib</file>
         <name>mult1632.asm.obj</name>
      </input_file>
      <input_file id="fl-40">
         <path>C:\TI\ccs2020\ccs\tools\compiler\ti-cgt-msp430_21.6.1.LTS\lib\</path>
         <kind>archive</kind>
         <file>rts430_eabi.lib</file>
         <name>mult32.asm.obj</name>
      </input_file>
      <input_file id="fl-41">
         <path>C:\TI\ccs2020\ccs\tools\compiler\ti-cgt-msp430_21.6.1.LTS\lib\</path>
         <kind>archive</kind>
         <file>rts430_eabi.lib</file>
         <name>boot.c.obj</name>
      </input_file>
      <input_file id="fl-42">
         <path>C:\TI\ccs2020\ccs\tools\compiler\ti-cgt-msp430_21.6.1.LTS\lib\</path>
         <kind>archive</kind>
         <file>rts430_eabi.lib</file>
         <name>autoinit.c.obj</name>
      </input_file>
      <input_file id="fl-43">
         <path>C:\TI\ccs2020\ccs\tools\compiler\ti-cgt-msp430_21.6.1.LTS\lib\</path>
         <kind>archive</kind>
         <file>rts430_eabi.lib</file>
         <name>copy_zero_init.c.obj</name>
      </input_file>
      <input_file id="fl-44">
         <path>C:\TI\ccs2020\ccs\tools\compiler\ti-cgt-msp430_21.6.1.LTS\lib\</path>
         <kind>archive</kind>
         <file>rts430_eabi.lib</file>
         <name>cpy_tbl.c.obj</name>
      </input_file>
      <input_file id="fl-45">
         <path>C:\TI\ccs2020\ccs\tools\compiler\ti-cgt-msp430_21.6.1.LTS\lib\</path>
         <kind>archive</kind>
         <file>rts430_eabi.lib</file>
         <name>mpu_init.c.obj</name>
      </input_file>
      <input_file id="fl-46">
         <path>C:\TI\ccs2020\ccs\tools\compiler\ti-cgt-msp430_21.6.1.LTS\lib\</path>
         <kind>archive</kind>
         <file>rts430_eabi.lib</file>
         <name>pre_init.c.obj</name>
      </input_file>
      <input_file id="fl-47">
         <path>C:\TI\ccs2020\ccs\tools\compiler\ti-cgt-msp430_21.6.1.LTS\lib\</path>
         <kind>archive</kind>
         <file>rts430_eabi.lib</file>
         <name>startup.c.obj</name>
      </input_file>
      <input_file id="fl-48">
         <path>C:\TI\ccs2020\ccs\tools\compiler\ti-cgt-msp430_21.6.1.LTS\lib\</path>
         <kind>archive</kind>
         <file>rts430_eabi.lib</file>
         <name>copy_decompress_none.c.obj</name>
      </input_file>
      <input_file id="fl-49">
         <path>C:\TI\ccs2020\ccs\tools\compiler\ti-cgt-msp430_21.6.1.LTS\lib\</path>
         <kind>archive</kind>
         <file>rts430_eabi.lib</file>
         <name>copy_decompress_lzss.c.obj</name>
      </input_file>
      <input_file id="fl-4a">
         <path>C:\TI\ccs2020\ccs\tools\compiler\ti-cgt-msp430_21.6.1.LTS\lib\</path>
         <kind>archive</kind>
         <file>rts430_eabi.lib</file>
         <name>exit.c.obj</name>
      </input_file>
      <input_file id="fl-4b">
         <path>C:\TI\ccs2020\ccs\tools\compiler\ti-cgt-msp430_21.6.1.LTS\lib\</path>
         <kind>archive</kind>
         <file>rts430_eabi.lib</file>
         <name>_lock.c.obj</name>
      </input_file>
      <input_file id="fl-4c">
         <path>C:\TI\ccs2020\ccs\tools\compiler\ti-cgt-msp430_21.6.1.LTS\lib\</path>
         <kind>archive</kind>
         <file>rts430_eabi.lib</file>
         <name>args_main.c.obj</name>
      </input_file>
      <input_file id="fl-4d">
         <path>C:\TI\ccs2020\ccs\tools\compiler\ti-cgt-msp430_21.6.1.LTS\lib\</path>
         <kind>archive</kind>
         <file>rts430_eabi.lib</file>
         <name>memcpy.c.obj</name>
      </input_file>
      <input_file id="fl-4e">
         <path>C:\TI\ccs2020\ccs\tools\compiler\ti-cgt-msp430_21.6.1.LTS\lib\</path>
         <kind>archive</kind>
         <file>rts430_eabi.lib</file>
         <name>strcpy.c.obj</name>
      </input_file>
      <input_file id="fl-4f">
         <path>C:\TI\ccs2020\ccs\tools\compiler\ti-cgt-msp430_21.6.1.LTS\lib\</path>
         <kind>archive</kind>
         <file>rts430_eabi.lib</file>
         <name>strlen.c.obj</name>
      </input_file>
      <input_file id="fl-50">
         <path>C:\TI\ccs2020\ccs\tools\compiler\ti-cgt-msp430_21.6.1.LTS\lib\</path>
         <kind>archive</kind>
         <file>rts430_eabi.lib</file>
         <name>exit_gvars.c.obj</name>
      </input_file>
   </input_file_list>
   <object_component_list>
      <object_component id="oc-2d7">
         <name>.bss:g_buf_a</name>
         <uninitialized>true</uninitialized>
         <run_address>0x200</run_address>
         <size>0xc0</size>
         <input_file_ref idref="fl-6"/>
      </object_component>
      <object_component id="oc-2ce">
         <name>.bss:g_buf_b</name>
         <uninitialized>true</uninitialized>
         <run_address>0x2c0</run_address>
         <size>0x40</size>
         <input_file_ref idref="fl-6"/>
      </object_component>
      <object_component id="oc-2f1">
         <name>.bss:mag_smooth$7</name>
         <uninitialized>true</uninitialized>
         <run_address>0x300</run_address>
         <size>0x20</size>
         <input_file_ref idref="fl-6"/>
      </object_component>
      <object_component id="oc-439">
         <name>.bss:num_buf</name>
         <uninitialized>true</uninitialized>
         <run_address>0x320</run_address>
         <size>0xc</size>
         <input_file_ref idref="fl-9"/>
      </object_component>
      <object_component id="oc-271">
         <name>.data</name>
         <load_address>0x32c</load_address>
         <run_address>0x32c</run_address>
         <size>0x14</size>
         <input_file_ref idref="fl-6"/>
      </object_component>
      <object_component id="oc-143">
         <name>.data</name>
         <load_address>0x356</load_address>
         <run_address>0x356</run_address>
         <size>0x1</size>
         <input_file_ref idref="fl-8"/>
      </object_component>
      <object_component id="oc-1bb">
         <name>.data</name>
         <load_address>0x352</load_address>
         <run_address>0x352</run_address>
         <size>0x4</size>
         <input_file_ref idref="fl-a"/>
      </object_component>
      <object_component id="oc-147">
         <name>.data</name>
         <load_address>0x340</load_address>
         <run_address>0x340</run_address>
         <size>0x12</size>
         <input_file_ref idref="fl-b"/>
      </object_component>
      <object_component id="oc-b1">
         <name>.stack</name>
         <uninitialized>true</uninitialized>
         <run_address>0x3b0</run_address>
         <size>0x2</size>
         <input_file_ref idref="fl-41"/>
      </object_component>
      <object_component id="oc-4a4">
         <name>.stack</name>
         <uninitialized>true</uninitialized>
         <run_address>0x3b0</run_address>
         <size>0x0</size>
      </object_component>
      <object_component id="oc-25d">
         <name>.text:page_wave</name>
         <load_address>0xc000</load_address>
         <run_address>0xc000</run_address>
         <size>0x438</size>
         <input_file_ref idref="fl-6"/>
      </object_component>
      <object_component id="oc-317">
         <name>.text:ADC_measureVpp</name>
         <load_address>0xc438</load_address>
         <run_address>0xc438</run_address>
         <size>0x336</size>
         <input_file_ref idref="fl-5"/>
      </object_component>
      <object_component id="oc-251">
         <name>.text:page_fft</name>
         <load_address>0xc76e</load_address>
         <run_address>0xc76e</run_address>
         <size>0x238</size>
         <input_file_ref idref="fl-6"/>
      </object_component>
      <object_component id="oc-2e5">
         <name>.text:fft32</name>
         <load_address>0xc9a6</load_address>
         <run_address>0xc9a6</run_address>
         <size>0x1a2</size>
         <input_file_ref idref="fl-7"/>
      </object_component>
      <object_component id="oc-329">
         <name>.text:LCD_showGB2312Str</name>
         <load_address>0xcb48</load_address>
         <run_address>0xcb48</run_address>
         <size>0x136</size>
         <input_file_ref idref="fl-4"/>
      </object_component>
      <object_component id="oc-163">
         <name>.text:main</name>
         <load_address>0xcc7e</load_address>
         <run_address>0xcc7e</run_address>
         <size>0x120</size>
         <input_file_ref idref="fl-a"/>
      </object_component>
      <object_component id="oc-257">
         <name>.text:page_vpp</name>
         <load_address>0xcd9e</load_address>
         <run_address>0xcd9e</run_address>
         <size>0x11a</size>
         <input_file_ref idref="fl-6"/>
      </object_component>
      <object_component id="oc-2fc">
         <name>.text:LCD_drawBars</name>
         <load_address>0xceb8</load_address>
         <run_address>0xceb8</run_address>
         <size>0x110</size>
         <input_file_ref idref="fl-9"/>
      </object_component>
      <object_component id="oc-335">
         <name>.text:ADC_sampleToBufferAdaptive</name>
         <load_address>0xcfc8</load_address>
         <run_address>0xcfc8</run_address>
         <size>0xf4</size>
         <input_file_ref idref="fl-5"/>
      </object_component>
      <object_component id="oc-3e2">
         <name>.text:LCD_showUint</name>
         <load_address>0xd0bc</load_address>
         <run_address>0xd0bc</run_address>
         <size>0xee</size>
         <input_file_ref idref="fl-9"/>
      </object_component>
      <object_component id="oc-263">
         <name>.text:page_freq</name>
         <load_address>0xd1aa</load_address>
         <run_address>0xd1aa</run_address>
         <size>0xd6</size>
         <input_file_ref idref="fl-6"/>
      </object_component>
      <object_component id="oc-33b">
         <name>.text:wave_estimate_spp</name>
         <load_address>0xd280</load_address>
         <run_address>0xd280</run_address>
         <size>0xc8</size>
         <input_file_ref idref="fl-6"/>
      </object_component>
      <object_component id="oc-2b4">
         <name>.text:pinInit</name>
         <load_address>0xd348</load_address>
         <run_address>0xd348</run_address>
         <size>0xbc</size>
         <input_file_ref idref="fl-4"/>
      </object_component>
      <object_component id="oc-23c">
         <name>.text:LCD_init</name>
         <load_address>0xd404</load_address>
         <run_address>0xd404</run_address>
         <size>0xb6</size>
         <input_file_ref idref="fl-4"/>
      </object_component>
      <object_component id="oc-38a">
         <name>.text:GPIO_pinMode</name>
         <load_address>0xd4ba</load_address>
         <run_address>0xd4ba</run_address>
         <size>0x9e</size>
         <input_file_ref idref="fl-3"/>
      </object_component>
      <object_component id="oc-3fa">
         <name>.text:LCD_getAndWrite16x16</name>
         <load_address>0xd558</load_address>
         <run_address>0xd558</run_address>
         <size>0x7c</size>
         <input_file_ref idref="fl-4"/>
      </object_component>
      <object_component id="oc-34">
         <name>.text:decompress:lzss:__TI_decompress_lzss</name>
         <load_address>0xd5d4</load_address>
         <run_address>0xd5d4</run_address>
         <size>0x7c</size>
         <input_file_ref idref="fl-49"/>
      </object_component>
      <object_component id="oc-309">
         <name>.text:UART_sendNum</name>
         <load_address>0xd650</load_address>
         <run_address>0xd650</run_address>
         <size>0x7a</size>
         <input_file_ref idref="fl-c"/>
      </object_component>
      <object_component id="oc-3f4">
         <name>.text:LCD_getAndWrite8x16</name>
         <load_address>0xd6ca</load_address>
         <run_address>0xd6ca</run_address>
         <size>0x78</size>
         <input_file_ref idref="fl-4"/>
      </object_component>
      <object_component id="oc-e7">
         <name>.text:Timer0_A0_ISR</name>
         <load_address>0xd742</load_address>
         <run_address>0xd742</run_address>
         <size>0x76</size>
         <input_file_ref idref="fl-b"/>
      </object_component>
      <object_component id="oc-323">
         <name>.text:LCD_showMeasure</name>
         <load_address>0xd7b8</load_address>
         <run_address>0xd7b8</run_address>
         <size>0x70</size>
         <input_file_ref idref="fl-9"/>
      </object_component>
      <object_component id="oc-2c0">
         <name>.text:LCD_writeCmd</name>
         <load_address>0xd828</load_address>
         <run_address>0xd828</run_address>
         <size>0x70</size>
         <input_file_ref idref="fl-4"/>
      </object_component>
      <object_component id="oc-2c7">
         <name>.text:LCD_writeData</name>
         <load_address>0xd898</load_address>
         <run_address>0xd898</run_address>
         <size>0x70</size>
         <input_file_ref idref="fl-4"/>
      </object_component>
      <object_component id="oc-3e8">
         <name>.text:uint_to_str</name>
         <load_address>0xd908</load_address>
         <run_address>0xd908</run_address>
         <size>0x64</size>
         <input_file_ref idref="fl-9"/>
      </object_component>
      <object_component id="oc-14a">
         <name>.text:l_lsr_const</name>
         <load_address>0xd96c</load_address>
         <run_address>0xd96c</run_address>
         <size>0x5c</size>
         <input_file_ref idref="fl-3d"/>
      </object_component>
      <object_component id="oc-1dc">
         <name>.text</name>
         <load_address>0xd9c8</load_address>
         <run_address>0xd9c8</run_address>
         <size>0x58</size>
         <input_file_ref idref="fl-2c"/>
      </object_component>
      <object_component id="oc-3d4">
         <name>.text:vpp_calcDelayLoops</name>
         <load_address>0xda20</load_address>
         <run_address>0xda20</run_address>
         <size>0x58</size>
         <input_file_ref idref="fl-5"/>
      </object_component>
      <object_component id="oc-43e">
         <name>.text:LCD_sendCmdToROM</name>
         <load_address>0xda78</load_address>
         <run_address>0xda78</run_address>
         <size>0x4c</size>
         <input_file_ref idref="fl-4"/>
      </object_component>
      <object_component id="oc-ba">
         <name>.text</name>
         <load_address>0xdac4</load_address>
         <run_address>0xdac4</run_address>
         <size>0x4c</size>
         <input_file_ref idref="fl-3c"/>
      </object_component>
      <object_component id="oc-242">
         <name>.text:LCD_clear</name>
         <load_address>0xdb10</load_address>
         <run_address>0xdb10</run_address>
         <size>0x46</size>
         <input_file_ref idref="fl-4"/>
      </object_component>
      <object_component id="oc-2eb">
         <name>.text:fft_magnitude</name>
         <load_address>0xdb56</load_address>
         <run_address>0xdb56</run_address>
         <size>0x44</size>
         <input_file_ref idref="fl-7"/>
      </object_component>
      <object_component id="oc-2da">
         <name>.text:ADC_sampleToBuffer</name>
         <load_address>0xdb9a</load_address>
         <run_address>0xdb9a</run_address>
         <size>0x42</size>
         <input_file_ref idref="fl-5"/>
      </object_component>
      <object_component id="oc-1fa">
         <name>.text:__TI_auto_init_nobinit_nopinit:__TI_auto_init_nobinit_nopinit</name>
         <load_address>0xdbdc</load_address>
         <run_address>0xdbdc</run_address>
         <size>0x42</size>
         <input_file_ref idref="fl-42"/>
      </object_component>
      <object_component id="oc-444">
         <name>.text:getDataFromROM</name>
         <load_address>0xdc1e</load_address>
         <run_address>0xdc1e</run_address>
         <size>0x40</size>
         <input_file_ref idref="fl-4"/>
      </object_component>
      <object_component id="oc-2e0">
         <name>.text</name>
         <load_address>0xdc5e</load_address>
         <run_address>0xdc5e</run_address>
         <size>0x40</size>
         <input_file_ref idref="fl-2b"/>
      </object_component>
      <object_component id="oc-3b6">
         <name>.text:l_asr_const</name>
         <load_address>0xdc9e</load_address>
         <run_address>0xdc9e</run_address>
         <size>0x3e</size>
         <input_file_ref idref="fl-28"/>
      </object_component>
      <object_component id="oc-3ef">
         <name>.text:l_lsl_const</name>
         <load_address>0xdcdc</load_address>
         <run_address>0xdcdc</run_address>
         <size>0x3e</size>
         <input_file_ref idref="fl-3b"/>
      </object_component>
      <object_component id="oc-269">
         <name>.text:page_info</name>
         <load_address>0xdd1a</load_address>
         <run_address>0xdd1a</run_address>
         <size>0x3e</size>
         <input_file_ref idref="fl-6"/>
      </object_component>
      <object_component id="oc-31d">
         <name>.text:clear_text_band</name>
         <load_address>0xdd58</load_address>
         <run_address>0xdd58</run_address>
         <size>0x38</size>
         <input_file_ref idref="fl-6"/>
      </object_component>
      <object_component id="oc-311">
         <name>.text:LCD_clearPages</name>
         <load_address>0xdd90</load_address>
         <run_address>0xdd90</run_address>
         <size>0x34</size>
         <input_file_ref idref="fl-9"/>
      </object_component>
      <object_component id="oc-1c4">
         <name>.text:Display_refresh</name>
         <load_address>0xddc4</load_address>
         <run_address>0xddc4</run_address>
         <size>0x32</size>
         <input_file_ref idref="fl-6"/>
      </object_component>
      <object_component id="oc-1e1">
         <name>.text:Capture_startFreq</name>
         <load_address>0xddf6</load_address>
         <run_address>0xddf6</run_address>
         <size>0x2c</size>
         <input_file_ref idref="fl-b"/>
      </object_component>
      <object_component id="oc-34b">
         <name>.text:LCD_drawDot</name>
         <load_address>0xde22</load_address>
         <run_address>0xde22</run_address>
         <size>0x2c</size>
         <input_file_ref idref="fl-9"/>
      </object_component>
      <object_component id="oc-341">
         <name>.text</name>
         <load_address>0xde4e</load_address>
         <run_address>0xde4e</run_address>
         <size>0x2c</size>
         <input_file_ref idref="fl-29"/>
      </object_component>
      <object_component id="oc-b5">
         <name>.text</name>
         <load_address>0xde7a</load_address>
         <run_address>0xde7a</run_address>
         <size>0x2c</size>
         <input_file_ref idref="fl-3a"/>
      </object_component>
      <object_component id="oc-2ba">
         <name>.text:GPIO_pinWrite</name>
         <load_address>0xdea6</load_address>
         <run_address>0xdea6</run_address>
         <size>0x2a</size>
         <input_file_ref idref="fl-3"/>
      </object_component>
      <object_component id="oc-3c0">
         <name>.text:LCD_setAddr</name>
         <load_address>0xded0</load_address>
         <run_address>0xded0</run_address>
         <size>0x2a</size>
         <input_file_ref idref="fl-4"/>
      </object_component>
      <object_component id="oc-1af">
         <name>.text:UART_init</name>
         <load_address>0xdefa</load_address>
         <run_address>0xdefa</run_address>
         <size>0x2a</size>
         <input_file_ref idref="fl-c"/>
      </object_component>
      <object_component id="oc-2d1">
         <name>.text:draw_title</name>
         <load_address>0xdf24</load_address>
         <run_address>0xdf24</run_address>
         <size>0x2a</size>
         <input_file_ref idref="fl-6"/>
      </object_component>
      <object_component id="oc-1d6">
         <name>.text:page_next</name>
         <load_address>0xdf4e</load_address>
         <run_address>0xdf4e</run_address>
         <size>0x28</size>
         <input_file_ref idref="fl-a"/>
      </object_component>
      <object_component id="oc-457">
         <name>.text:GPIO_pinRead</name>
         <load_address>0xdf76</load_address>
         <run_address>0xdf76</run_address>
         <size>0x26</size>
         <input_file_ref idref="fl-3"/>
      </object_component>
      <object_component id="oc-2f2">
         <name>.text</name>
         <load_address>0xdf9c</load_address>
         <run_address>0xdf9c</run_address>
         <size>0x26</size>
         <input_file_ref idref="fl-40"/>
      </object_component>
      <object_component id="oc-19d">
         <name>.text:Key_init</name>
         <load_address>0xdfc2</load_address>
         <run_address>0xdfc2</run_address>
         <size>0x22</size>
         <input_file_ref idref="fl-8"/>
      </object_component>
      <object_component id="oc-e1">
         <name>.text:Port_1_ISR</name>
         <load_address>0xdfe4</load_address>
         <run_address>0xdfe4</run_address>
         <size>0x22</size>
         <input_file_ref idref="fl-8"/>
      </object_component>
      <object_component id="oc-346">
         <name>.text:__mpyul</name>
         <load_address>0xe006</load_address>
         <run_address>0xe006</run_address>
         <size>0x22</size>
         <input_file_ref idref="fl-3f"/>
      </object_component>
      <object_component id="oc-39f">
         <name>.text:bit_reverse</name>
         <load_address>0xe028</load_address>
         <run_address>0xe028</run_address>
         <size>0x22</size>
         <input_file_ref idref="fl-7"/>
      </object_component>
      <object_component id="oc-1e7">
         <name>.text:delay</name>
         <load_address>0xe04a</load_address>
         <run_address>0xe04a</run_address>
         <size>0x20</size>
         <input_file_ref idref="fl-2"/>
      </object_component>
      <object_component id="oc-197">
         <name>.text:Clock_init</name>
         <load_address>0xe06a</load_address>
         <run_address>0xe06a</run_address>
         <size>0x1c</size>
         <input_file_ref idref="fl-2"/>
      </object_component>
      <object_component id="oc-ff">
         <name>.text:_c_int00_noargs</name>
         <load_address>0xe086</load_address>
         <run_address>0xe086</run_address>
         <size>0x1c</size>
         <input_file_ref idref="fl-41"/>
      </object_component>
      <object_component id="oc-3b1">
         <name>.text:__mpysl</name>
         <load_address>0xe0a2</load_address>
         <run_address>0xe0a2</run_address>
         <size>0x16</size>
         <input_file_ref idref="fl-3f"/>
      </object_component>
      <object_component id="oc-2f7">
         <name>.text</name>
         <load_address>0xe0b8</load_address>
         <run_address>0xe0b8</run_address>
         <size>0x16</size>
         <input_file_ref idref="fl-2a"/>
      </object_component>
      <object_component id="oc-1a9">
         <name>.text:Capture_init</name>
         <load_address>0xe0ce</load_address>
         <run_address>0xe0ce</run_address>
         <size>0x14</size>
         <input_file_ref idref="fl-b"/>
      </object_component>
      <object_component id="oc-ed">
         <name>.text:decompress:ZI:__TI_zero_init_nomemset:__TI_zero_init_nomemset</name>
         <load_address>0xe0e2</load_address>
         <run_address>0xe0e2</run_address>
         <size>0x14</size>
         <input_file_ref idref="fl-43"/>
      </object_component>
      <object_component id="oc-37e">
         <name>.text</name>
         <load_address>0xe0f6</load_address>
         <run_address>0xe0f6</run_address>
         <size>0x14</size>
         <input_file_ref idref="fl-3e"/>
      </object_component>
      <object_component id="oc-1ca">
         <name>.text:Key_getEvent</name>
         <load_address>0xe10a</load_address>
         <run_address>0xe10a</run_address>
         <size>0x12</size>
         <input_file_ref idref="fl-8"/>
      </object_component>
      <object_component id="oc-303">
         <name>.text:UART_sendStr</name>
         <load_address>0xe11c</load_address>
         <run_address>0xe11c</run_address>
         <size>0x12</size>
         <input_file_ref idref="fl-c"/>
      </object_component>
      <object_component id="oc-3a">
         <name>.text:decompress:none:__TI_decompress_none</name>
         <load_address>0xe12e</load_address>
         <run_address>0xe12e</run_address>
         <size>0x12</size>
         <input_file_ref idref="fl-48"/>
      </object_component>
      <object_component id="oc-cf">
         <name>.text:memcpy</name>
         <load_address>0xe140</load_address>
         <run_address>0xe140</run_address>
         <size>0x12</size>
         <input_file_ref idref="fl-4d"/>
      </object_component>
      <object_component id="oc-bf">
         <name>.text</name>
         <load_address>0xe152</load_address>
         <run_address>0xe152</run_address>
         <size>0x10</size>
         <input_file_ref idref="fl-2d"/>
      </object_component>
      <object_component id="oc-432">
         <name>.text:strcpy</name>
         <load_address>0xe162</load_address>
         <run_address>0xe162</run_address>
         <size>0x10</size>
         <input_file_ref idref="fl-4e"/>
      </object_component>
      <object_component id="oc-3a5">
         <name>.text:fft_cos</name>
         <load_address>0xe172</load_address>
         <run_address>0xe172</run_address>
         <size>0xe</size>
         <input_file_ref idref="fl-7"/>
      </object_component>
      <object_component id="oc-3dc">
         <name>.text:strlen</name>
         <load_address>0xe180</load_address>
         <run_address>0xe180</run_address>
         <size>0xe</size>
         <input_file_ref idref="fl-4f"/>
      </object_component>
      <object_component id="oc-1d0">
         <name>.text:Display_toggleSubMode</name>
         <load_address>0xe18e</load_address>
         <run_address>0xe18e</run_address>
         <size>0xc</size>
         <input_file_ref idref="fl-6"/>
      </object_component>
      <object_component id="oc-3c8">
         <name>.text:UART_sendChar</name>
         <load_address>0xe19a</load_address>
         <run_address>0xe19a</run_address>
         <size>0xc</size>
         <input_file_ref idref="fl-c"/>
      </object_component>
      <object_component id="oc-3ab">
         <name>.text:fft_sin</name>
         <load_address>0xe1a6</load_address>
         <run_address>0xe1a6</run_address>
         <size>0xc</size>
         <input_file_ref idref="fl-7"/>
      </object_component>
      <object_component id="oc-1be">
         <name>.text:page_enter</name>
         <load_address>0xe1b2</load_address>
         <run_address>0xe1b2</run_address>
         <size>0xc</size>
         <input_file_ref idref="fl-a"/>
      </object_component>
      <object_component id="oc-275">
         <name>.text:page_leave</name>
         <load_address>0xe1be</load_address>
         <run_address>0xe1be</run_address>
         <size>0xc</size>
         <input_file_ref idref="fl-a"/>
      </object_component>
      <object_component id="oc-1b5">
         <name>.text:Display_init</name>
         <load_address>0xe1ca</load_address>
         <run_address>0xe1ca</run_address>
         <size>0xa</size>
         <input_file_ref idref="fl-6"/>
      </object_component>
      <object_component id="oc-1a3">
         <name>.text:ADC_init</name>
         <load_address>0xe1d4</load_address>
         <run_address>0xe1d4</run_address>
         <size>0x8</size>
         <input_file_ref idref="fl-5"/>
      </object_component>
      <object_component id="oc-356">
         <name>.text:Capture_stopFreq</name>
         <load_address>0xe1dc</load_address>
         <run_address>0xe1dc</run_address>
         <size>0x8</size>
         <input_file_ref idref="fl-b"/>
      </object_component>
      <object_component id="oc-dc">
         <name>.text:_isr:__TI_ISR_TRAP</name>
         <load_address>0xe1e4</load_address>
         <run_address>0xe1e4</run_address>
         <size>0x8</size>
         <input_file_ref idref="fl-39"/>
      </object_component>
      <object_component id="oc-1ee">
         <name>.text:abort</name>
         <load_address>0xe1ec</load_address>
         <run_address>0xe1ec</run_address>
         <size>0x6</size>
         <input_file_ref idref="fl-4a"/>
      </object_component>
      <object_component id="oc-15d">
         <name>.text:_system_pre_init</name>
         <load_address>0xe1f2</load_address>
         <run_address>0xe1f2</run_address>
         <size>0x4</size>
         <input_file_ref idref="fl-46"/>
      </object_component>
      <object_component id="oc-291">
         <name>.text:_system_post_cinit</name>
         <load_address>0xe1f6</load_address>
         <run_address>0xe1f6</run_address>
         <size>0x2</size>
         <input_file_ref idref="fl-47"/>
      </object_component>
      <object_component id="oc-4a3">
         <name>.cinit..data.load</name>
         <load_address>0xe3fa</load_address>
         <run_address>0xe3fa</run_address>
         <size>0x19</size>
      </object_component>
      <object_component id="oc-4a0">
         <name>__TI_handler_table</name>
         <load_address>0xe414</load_address>
         <run_address>0xe414</run_address>
         <size>0x6</size>
      </object_component>
      <object_component id="oc-4a2">
         <name>.cinit..bss.load</name>
         <load_address>0xe41a</load_address>
         <run_address>0xe41a</run_address>
         <size>0x4</size>
      </object_component>
      <object_component id="oc-4a1">
         <name>__TI_cinit_table</name>
         <load_address>0xe41e</load_address>
         <run_address>0xe41e</run_address>
         <size>0x8</size>
      </object_component>
      <object_component id="oc-302">
         <name>.const:.string</name>
         <load_address>0xe1f8</load_address>
         <run_address>0xe1f8</run_address>
         <size>0x1b8</size>
         <input_file_ref idref="fl-6"/>
      </object_component>
      <object_component id="oc-41b">
         <name>.const:sin_table</name>
         <load_address>0xe3b0</load_address>
         <run_address>0xe3b0</run_address>
         <size>0x40</size>
         <input_file_ref idref="fl-7"/>
      </object_component>
      <object_component id="oc-396">
         <name>.const:page_titles</name>
         <load_address>0xe3f0</load_address>
         <run_address>0xe3f0</run_address>
         <size>0xa</size>
         <input_file_ref idref="fl-6"/>
      </object_component>
      <object_component id="oc-462">
         <name>.binit</name>
         <load_address>0xc000</load_address>
         <run_address>0xc000</run_address>
         <size>0x0</size>
      </object_component>
      <object_component id="oc-40">
         <name>.int00</name>
         <load_address>0xffe0</load_address>
         <run_address>0xffe0</run_address>
         <size>0x2</size>
         <input_file_ref idref="fl-2e"/>
      </object_component>
      <object_component id="oc-41">
         <name>.int02</name>
         <load_address>0xffe4</load_address>
         <run_address>0xffe4</run_address>
         <size>0x2</size>
         <input_file_ref idref="fl-8"/>
      </object_component>
      <object_component id="oc-42">
         <name>.int03</name>
         <load_address>0xffe6</load_address>
         <run_address>0xffe6</run_address>
         <size>0x2</size>
         <input_file_ref idref="fl-2f"/>
      </object_component>
      <object_component id="oc-43">
         <name>.int05</name>
         <load_address>0xffea</load_address>
         <run_address>0xffea</run_address>
         <size>0x2</size>
         <input_file_ref idref="fl-30"/>
      </object_component>
      <object_component id="oc-44">
         <name>.int06</name>
         <load_address>0xffec</load_address>
         <run_address>0xffec</run_address>
         <size>0x2</size>
         <input_file_ref idref="fl-31"/>
      </object_component>
      <object_component id="oc-45">
         <name>.int07</name>
         <load_address>0xffee</load_address>
         <run_address>0xffee</run_address>
         <size>0x2</size>
         <input_file_ref idref="fl-32"/>
      </object_component>
      <object_component id="oc-46">
         <name>.int08</name>
         <load_address>0xfff0</load_address>
         <run_address>0xfff0</run_address>
         <size>0x2</size>
         <input_file_ref idref="fl-33"/>
      </object_component>
      <object_component id="oc-47">
         <name>.int09</name>
         <load_address>0xfff2</load_address>
         <run_address>0xfff2</run_address>
         <size>0x2</size>
         <input_file_ref idref="fl-b"/>
      </object_component>
      <object_component id="oc-48">
         <name>.int10</name>
         <load_address>0xfff4</load_address>
         <run_address>0xfff4</run_address>
         <size>0x2</size>
         <input_file_ref idref="fl-34"/>
      </object_component>
      <object_component id="oc-49">
         <name>.int11</name>
         <load_address>0xfff6</load_address>
         <run_address>0xfff6</run_address>
         <size>0x2</size>
         <input_file_ref idref="fl-35"/>
      </object_component>
      <object_component id="oc-4a">
         <name>.int12</name>
         <load_address>0xfff8</load_address>
         <run_address>0xfff8</run_address>
         <size>0x2</size>
         <input_file_ref idref="fl-36"/>
      </object_component>
      <object_component id="oc-4b">
         <name>.int13</name>
         <load_address>0xfffa</load_address>
         <run_address>0xfffa</run_address>
         <size>0x2</size>
         <input_file_ref idref="fl-37"/>
      </object_component>
      <object_component id="oc-4c">
         <name>.int14</name>
         <load_address>0xfffc</load_address>
         <run_address>0xfffc</run_address>
         <size>0x2</size>
         <input_file_ref idref="fl-38"/>
      </object_component>
      <object_component id="oc-b4">
         <name>.reset</name>
         <load_address>0xfffe</load_address>
         <run_address>0xfffe</run_address>
         <size>0x2</size>
         <input_file_ref idref="fl-41"/>
      </object_component>
      <object_component id="oc-236">
         <name>.debug_info</name>
         <load_address>0x0</load_address>
         <run_address>0x0</run_address>
         <size>0x29a</size>
         <input_file_ref idref="fl-2"/>
      </object_component>
      <object_component id="oc-1e8">
         <name>.debug_info</name>
         <load_address>0x29a</load_address>
         <run_address>0x29a</run_address>
         <size>0x11a</size>
         <input_file_ref idref="fl-2"/>
      </object_component>
      <object_component id="oc-199">
         <name>.debug_info</name>
         <load_address>0x3b4</load_address>
         <run_address>0x3b4</run_address>
         <size>0x10e</size>
         <input_file_ref idref="fl-2"/>
      </object_component>
      <object_component id="oc-22f">
         <name>.debug_info</name>
         <load_address>0x4c2</load_address>
         <run_address>0x4c2</run_address>
         <size>0x26b</size>
         <input_file_ref idref="fl-2"/>
      </object_component>
      <object_component id="oc-ca">
         <name>.debug_info</name>
         <load_address>0x72d</load_address>
         <run_address>0x72d</run_address>
         <size>0x84</size>
         <input_file_ref idref="fl-2"/>
      </object_component>
      <object_component id="oc-18f">
         <name>.debug_info</name>
         <load_address>0x7b1</load_address>
         <run_address>0x7b1</run_address>
         <size>0x282</size>
         <input_file_ref idref="fl-2"/>
      </object_component>
      <object_component id="oc-150">
         <name>.debug_info</name>
         <load_address>0xa33</load_address>
         <run_address>0xa33</run_address>
         <size>0xbb</size>
         <input_file_ref idref="fl-2"/>
      </object_component>
      <object_component id="oc-2bb">
         <name>.debug_info</name>
         <load_address>0xaee</load_address>
         <run_address>0xaee</run_address>
         <size>0x14d</size>
         <input_file_ref idref="fl-3"/>
      </object_component>
      <object_component id="oc-458">
         <name>.debug_info</name>
         <load_address>0xc3b</load_address>
         <run_address>0xc3b</run_address>
         <size>0x131</size>
         <input_file_ref idref="fl-3"/>
      </object_component>
      <object_component id="oc-38c">
         <name>.debug_info</name>
         <load_address>0xd6c</load_address>
         <run_address>0xd6c</run_address>
         <size>0x14f</size>
         <input_file_ref idref="fl-3"/>
      </object_component>
      <object_component id="oc-401">
         <name>.debug_info</name>
         <load_address>0xebb</load_address>
         <run_address>0xebb</run_address>
         <size>0x1f5</size>
         <input_file_ref idref="fl-4"/>
      </object_component>
      <object_component id="oc-2ca">
         <name>.debug_info</name>
         <load_address>0x10b0</load_address>
         <run_address>0x10b0</run_address>
         <size>0x1d9</size>
         <input_file_ref idref="fl-4"/>
      </object_component>
      <object_component id="oc-2c1">
         <name>.debug_info</name>
         <load_address>0x1289</load_address>
         <run_address>0x1289</run_address>
         <size>0x1d3</size>
         <input_file_ref idref="fl-4"/>
      </object_component>
      <object_component id="oc-3c1">
         <name>.debug_info</name>
         <load_address>0x145c</load_address>
         <run_address>0x145c</run_address>
         <size>0x1a6</size>
         <input_file_ref idref="fl-4"/>
      </object_component>
      <object_component id="oc-440">
         <name>.debug_info</name>
         <load_address>0x1602</load_address>
         <run_address>0x1602</run_address>
         <size>0x19f</size>
         <input_file_ref idref="fl-4"/>
      </object_component>
      <object_component id="oc-446">
         <name>.debug_info</name>
         <load_address>0x17a1</load_address>
         <run_address>0x17a1</run_address>
         <size>0x17c</size>
         <input_file_ref idref="fl-4"/>
      </object_component>
      <object_component id="oc-3f6">
         <name>.debug_info</name>
         <load_address>0x191d</load_address>
         <run_address>0x191d</run_address>
         <size>0x284</size>
         <input_file_ref idref="fl-4"/>
      </object_component>
      <object_component id="oc-3fb">
         <name>.debug_info</name>
         <load_address>0x1ba1</load_address>
         <run_address>0x1ba1</run_address>
         <size>0x286</size>
         <input_file_ref idref="fl-4"/>
      </object_component>
      <object_component id="oc-32b">
         <name>.debug_info</name>
         <load_address>0x1e27</load_address>
         <run_address>0x1e27</run_address>
         <size>0x274</size>
         <input_file_ref idref="fl-4"/>
      </object_component>
      <object_component id="oc-2b6">
         <name>.debug_info</name>
         <load_address>0x209b</load_address>
         <run_address>0x209b</run_address>
         <size>0x25e</size>
         <input_file_ref idref="fl-4"/>
      </object_component>
      <object_component id="oc-23e">
         <name>.debug_info</name>
         <load_address>0x22f9</load_address>
         <run_address>0x22f9</run_address>
         <size>0x278</size>
         <input_file_ref idref="fl-4"/>
      </object_component>
      <object_component id="oc-244">
         <name>.debug_info</name>
         <load_address>0x2571</load_address>
         <run_address>0x2571</run_address>
         <size>0x17b</size>
         <input_file_ref idref="fl-4"/>
      </object_component>
      <object_component id="oc-39d">
         <name>.debug_info</name>
         <load_address>0x26ec</load_address>
         <run_address>0x26ec</run_address>
         <size>0x25e</size>
         <input_file_ref idref="fl-5"/>
      </object_component>
      <object_component id="oc-338">
         <name>.debug_info</name>
         <load_address>0x294a</load_address>
         <run_address>0x294a</run_address>
         <size>0x32b</size>
         <input_file_ref idref="fl-5"/>
      </object_component>
      <object_component id="oc-2db">
         <name>.debug_info</name>
         <load_address>0x2c75</load_address>
         <run_address>0x2c75</run_address>
         <size>0x1ce</size>
         <input_file_ref idref="fl-5"/>
      </object_component>
      <object_component id="oc-3d7">
         <name>.debug_info</name>
         <load_address>0x2e43</load_address>
         <run_address>0x2e43</run_address>
         <size>0x21d</size>
         <input_file_ref idref="fl-5"/>
      </object_component>
      <object_component id="oc-319">
         <name>.debug_info</name>
         <load_address>0x3060</load_address>
         <run_address>0x3060</run_address>
         <size>0x585</size>
         <input_file_ref idref="fl-5"/>
      </object_component>
      <object_component id="oc-1a4">
         <name>.debug_info</name>
         <load_address>0x35e5</load_address>
         <run_address>0x35e5</run_address>
         <size>0x11c</size>
         <input_file_ref idref="fl-5"/>
      </object_component>
      <object_component id="oc-24b">
         <name>.debug_info</name>
         <load_address>0x3701</load_address>
         <run_address>0x3701</run_address>
         <size>0x6c</size>
         <input_file_ref idref="fl-5"/>
      </object_component>
      <object_component id="oc-330">
         <name>.debug_info</name>
         <load_address>0x376d</load_address>
         <run_address>0x376d</run_address>
         <size>0x5e</size>
         <input_file_ref idref="fl-5"/>
      </object_component>
      <object_component id="oc-310">
         <name>.debug_info</name>
         <load_address>0x37cb</load_address>
         <run_address>0x37cb</run_address>
         <size>0x56a</size>
         <input_file_ref idref="fl-6"/>
      </object_component>
      <object_component id="oc-397">
         <name>.debug_info</name>
         <load_address>0x3d35</load_address>
         <run_address>0x3d35</run_address>
         <size>0xe5</size>
         <input_file_ref idref="fl-6"/>
      </object_component>
      <object_component id="oc-272">
         <name>.debug_info</name>
         <load_address>0x3e1a</load_address>
         <run_address>0x3e1a</run_address>
         <size>0x115</size>
         <input_file_ref idref="fl-6"/>
      </object_component>
      <object_component id="oc-2d8">
         <name>.debug_info</name>
         <load_address>0x3f2f</load_address>
         <run_address>0x3f2f</run_address>
         <size>0xdd</size>
         <input_file_ref idref="fl-6"/>
      </object_component>
      <object_component id="oc-2cf">
         <name>.debug_info</name>
         <load_address>0x400c</load_address>
         <run_address>0x400c</run_address>
         <size>0xdd</size>
         <input_file_ref idref="fl-6"/>
      </object_component>
      <object_component id="oc-1d1">
         <name>.debug_info</name>
         <load_address>0x40e9</load_address>
         <run_address>0x40e9</run_address>
         <size>0x15b</size>
         <input_file_ref idref="fl-6"/>
      </object_component>
      <object_component id="oc-2d2">
         <name>.debug_info</name>
         <load_address>0x4244</load_address>
         <run_address>0x4244</run_address>
         <size>0x16e</size>
         <input_file_ref idref="fl-6"/>
      </object_component>
      <object_component id="oc-252">
         <name>.debug_info</name>
         <load_address>0x43b2</load_address>
         <run_address>0x43b2</run_address>
         <size>0x42d</size>
         <input_file_ref idref="fl-6"/>
      </object_component>
      <object_component id="oc-31e">
         <name>.debug_info</name>
         <load_address>0x47df</load_address>
         <run_address>0x47df</run_address>
         <size>0x193</size>
         <input_file_ref idref="fl-6"/>
      </object_component>
      <object_component id="oc-258">
         <name>.debug_info</name>
         <load_address>0x4972</load_address>
         <run_address>0x4972</run_address>
         <size>0x2a5</size>
         <input_file_ref idref="fl-6"/>
      </object_component>
      <object_component id="oc-33c">
         <name>.debug_info</name>
         <load_address>0x4c17</load_address>
         <run_address>0x4c17</run_address>
         <size>0x224</size>
         <input_file_ref idref="fl-6"/>
      </object_component>
      <object_component id="oc-25e">
         <name>.debug_info</name>
         <load_address>0x4e3b</load_address>
         <run_address>0x4e3b</run_address>
         <size>0x599</size>
         <input_file_ref idref="fl-6"/>
      </object_component>
      <object_component id="oc-264">
         <name>.debug_info</name>
         <load_address>0x53d4</load_address>
         <run_address>0x53d4</run_address>
         <size>0x265</size>
         <input_file_ref idref="fl-6"/>
      </object_component>
      <object_component id="oc-26a">
         <name>.debug_info</name>
         <load_address>0x5639</load_address>
         <run_address>0x5639</run_address>
         <size>0x181</size>
         <input_file_ref idref="fl-6"/>
      </object_component>
      <object_component id="oc-1c5">
         <name>.debug_info</name>
         <load_address>0x57ba</load_address>
         <run_address>0x57ba</run_address>
         <size>0x186</size>
         <input_file_ref idref="fl-6"/>
      </object_component>
      <object_component id="oc-1b8">
         <name>.debug_info</name>
         <load_address>0x5940</load_address>
         <run_address>0x5940</run_address>
         <size>0x13a</size>
         <input_file_ref idref="fl-6"/>
      </object_component>
      <object_component id="oc-3bc">
         <name>.debug_info</name>
         <load_address>0x5a7a</load_address>
         <run_address>0x5a7a</run_address>
         <size>0x164</size>
         <input_file_ref idref="fl-7"/>
      </object_component>
      <object_component id="oc-41c">
         <name>.debug_info</name>
         <load_address>0x5bde</load_address>
         <run_address>0x5bde</run_address>
         <size>0xdd</size>
         <input_file_ref idref="fl-7"/>
      </object_component>
      <object_component id="oc-2ec">
         <name>.debug_info</name>
         <load_address>0x5cbb</load_address>
         <run_address>0x5cbb</run_address>
         <size>0x195</size>
         <input_file_ref idref="fl-7"/>
      </object_component>
      <object_component id="oc-3a1">
         <name>.debug_info</name>
         <load_address>0x5e50</load_address>
         <run_address>0x5e50</run_address>
         <size>0x143</size>
         <input_file_ref idref="fl-7"/>
      </object_component>
      <object_component id="oc-3a6">
         <name>.debug_info</name>
         <load_address>0x5f93</load_address>
         <run_address>0x5f93</run_address>
         <size>0x110</size>
         <input_file_ref idref="fl-7"/>
      </object_component>
      <object_component id="oc-3ae">
         <name>.debug_info</name>
         <load_address>0x60a3</load_address>
         <run_address>0x60a3</run_address>
         <size>0x110</size>
         <input_file_ref idref="fl-7"/>
      </object_component>
      <object_component id="oc-2e8">
         <name>.debug_info</name>
         <load_address>0x61b3</load_address>
         <run_address>0x61b3</run_address>
         <size>0x2c0</size>
         <input_file_ref idref="fl-7"/>
      </object_component>
      <object_component id="oc-18a">
         <name>.debug_info</name>
         <load_address>0x6473</load_address>
         <run_address>0x6473</run_address>
         <size>0x280</size>
         <input_file_ref idref="fl-8"/>
      </object_component>
      <object_component id="oc-144">
         <name>.debug_info</name>
         <load_address>0x66f3</load_address>
         <run_address>0x66f3</run_address>
         <size>0xed</size>
         <input_file_ref idref="fl-8"/>
      </object_component>
      <object_component id="oc-e2">
         <name>.debug_info</name>
         <load_address>0x67e0</load_address>
         <run_address>0x67e0</run_address>
         <size>0x109</size>
         <input_file_ref idref="fl-8"/>
      </object_component>
      <object_component id="oc-1cc">
         <name>.debug_info</name>
         <load_address>0x68e9</load_address>
         <run_address>0x68e9</run_address>
         <size>0x123</size>
         <input_file_ref idref="fl-8"/>
      </object_component>
      <object_component id="oc-1a0">
         <name>.debug_info</name>
         <load_address>0x6a0c</load_address>
         <run_address>0x6a0c</run_address>
         <size>0x104</size>
         <input_file_ref idref="fl-8"/>
      </object_component>
      <object_component id="oc-3c7">
         <name>.debug_info</name>
         <load_address>0x6b10</load_address>
         <run_address>0x6b10</run_address>
         <size>0x26c</size>
         <input_file_ref idref="fl-9"/>
      </object_component>
      <object_component id="oc-43a">
         <name>.debug_info</name>
         <load_address>0x6d7c</load_address>
         <run_address>0x6d7c</run_address>
         <size>0xde</size>
         <input_file_ref idref="fl-9"/>
      </object_component>
      <object_component id="oc-3e9">
         <name>.debug_info</name>
         <load_address>0x6e5a</load_address>
         <run_address>0x6e5a</run_address>
         <size>0x16f</size>
         <input_file_ref idref="fl-9"/>
      </object_component>
      <object_component id="oc-3e5">
         <name>.debug_info</name>
         <load_address>0x6fc9</load_address>
         <run_address>0x6fc9</run_address>
         <size>0x276</size>
         <input_file_ref idref="fl-9"/>
      </object_component>
      <object_component id="oc-325">
         <name>.debug_info</name>
         <load_address>0x723f</load_address>
         <run_address>0x723f</run_address>
         <size>0x29c</size>
         <input_file_ref idref="fl-9"/>
      </object_component>
      <object_component id="oc-34c">
         <name>.debug_info</name>
         <load_address>0x74db</load_address>
         <run_address>0x74db</run_address>
         <size>0x19f</size>
         <input_file_ref idref="fl-9"/>
      </object_component>
      <object_component id="oc-2fe">
         <name>.debug_info</name>
         <load_address>0x767a</load_address>
         <run_address>0x767a</run_address>
         <size>0x31c</size>
         <input_file_ref idref="fl-9"/>
      </object_component>
      <object_component id="oc-314">
         <name>.debug_info</name>
         <load_address>0x7996</load_address>
         <run_address>0x7996</run_address>
         <size>0x1c7</size>
         <input_file_ref idref="fl-9"/>
      </object_component>
      <object_component id="oc-136">
         <name>.debug_info</name>
         <load_address>0x7b5d</load_address>
         <run_address>0x7b5d</run_address>
         <size>0x2c</size>
         <input_file_ref idref="fl-9"/>
      </object_component>
      <object_component id="oc-427">
         <name>.debug_info</name>
         <load_address>0x7b89</load_address>
         <run_address>0x7b89</run_address>
         <size>0x35</size>
         <input_file_ref idref="fl-9"/>
      </object_component>
      <object_component id="oc-1bc">
         <name>.debug_info</name>
         <load_address>0x7bbe</load_address>
         <run_address>0x7bbe</run_address>
         <size>0xfe</size>
         <input_file_ref idref="fl-a"/>
      </object_component>
      <object_component id="oc-1c0">
         <name>.debug_info</name>
         <load_address>0x7cbc</load_address>
         <run_address>0x7cbc</run_address>
         <size>0x139</size>
         <input_file_ref idref="fl-a"/>
      </object_component>
      <object_component id="oc-277">
         <name>.debug_info</name>
         <load_address>0x7df5</load_address>
         <run_address>0x7df5</run_address>
         <size>0x138</size>
         <input_file_ref idref="fl-a"/>
      </object_component>
      <object_component id="oc-1d8">
         <name>.debug_info</name>
         <load_address>0x7f2d</load_address>
         <run_address>0x7f2d</run_address>
         <size>0x12a</size>
         <input_file_ref idref="fl-a"/>
      </object_component>
      <object_component id="oc-165">
         <name>.debug_info</name>
         <load_address>0x8057</load_address>
         <run_address>0x8057</run_address>
         <size>0x30c</size>
         <input_file_ref idref="fl-a"/>
      </object_component>
      <object_component id="oc-18d">
         <name>.debug_info</name>
         <load_address>0x8363</load_address>
         <run_address>0x8363</run_address>
         <size>0x1fa</size>
         <input_file_ref idref="fl-b"/>
      </object_component>
      <object_component id="oc-148">
         <name>.debug_info</name>
         <load_address>0x855d</load_address>
         <run_address>0x855d</run_address>
         <size>0x1ca</size>
         <input_file_ref idref="fl-b"/>
      </object_component>
      <object_component id="oc-e9">
         <name>.debug_info</name>
         <load_address>0x8727</load_address>
         <run_address>0x8727</run_address>
         <size>0x16f</size>
         <input_file_ref idref="fl-b"/>
      </object_component>
      <object_component id="oc-358">
         <name>.debug_info</name>
         <load_address>0x8896</load_address>
         <run_address>0x8896</run_address>
         <size>0x132</size>
         <input_file_ref idref="fl-b"/>
      </object_component>
      <object_component id="oc-1e3">
         <name>.debug_info</name>
         <load_address>0x89c8</load_address>
         <run_address>0x89c8</run_address>
         <size>0x134</size>
         <input_file_ref idref="fl-b"/>
      </object_component>
      <object_component id="oc-1aa">
         <name>.debug_info</name>
         <load_address>0x8afc</load_address>
         <run_address>0x8afc</run_address>
         <size>0x12a</size>
         <input_file_ref idref="fl-b"/>
      </object_component>
      <object_component id="oc-3cf">
         <name>.debug_info</name>
         <load_address>0x8c26</load_address>
         <run_address>0x8c26</run_address>
         <size>0x231</size>
         <input_file_ref idref="fl-c"/>
      </object_component>
      <object_component id="oc-3c9">
         <name>.debug_info</name>
         <load_address>0x8e57</load_address>
         <run_address>0x8e57</run_address>
         <size>0x127</size>
         <input_file_ref idref="fl-c"/>
      </object_component>
      <object_component id="oc-304">
         <name>.debug_info</name>
         <load_address>0x8f7e</load_address>
         <run_address>0x8f7e</run_address>
         <size>0x141</size>
         <input_file_ref idref="fl-c"/>
      </object_component>
      <object_component id="oc-30a">
         <name>.debug_info</name>
         <load_address>0x90bf</load_address>
         <run_address>0x90bf</run_address>
         <size>0x19a</size>
         <input_file_ref idref="fl-c"/>
      </object_component>
      <object_component id="oc-1b0">
         <name>.debug_info</name>
         <load_address>0x9259</load_address>
         <run_address>0x9259</run_address>
         <size>0x109</size>
         <input_file_ref idref="fl-c"/>
      </object_component>
      <object_component id="oc-3b9">
         <name>.debug_info</name>
         <load_address>0x9362</load_address>
         <run_address>0x9362</run_address>
         <size>0x126</size>
         <input_file_ref idref="fl-28"/>
      </object_component>
      <object_component id="oc-342">
         <name>.debug_info</name>
         <load_address>0x9488</load_address>
         <run_address>0x9488</run_address>
         <size>0x135</size>
         <input_file_ref idref="fl-29"/>
      </object_component>
      <object_component id="oc-2f8">
         <name>.debug_info</name>
         <load_address>0x95bd</load_address>
         <run_address>0x95bd</run_address>
         <size>0x121</size>
         <input_file_ref idref="fl-2a"/>
      </object_component>
      <object_component id="oc-2e2">
         <name>.debug_info</name>
         <load_address>0x96de</load_address>
         <run_address>0x96de</run_address>
         <size>0x138</size>
         <input_file_ref idref="fl-2b"/>
      </object_component>
      <object_component id="oc-1dd">
         <name>.debug_info</name>
         <load_address>0x9816</load_address>
         <run_address>0x9816</run_address>
         <size>0x123</size>
         <input_file_ref idref="fl-2c"/>
      </object_component>
      <object_component id="oc-c2">
         <name>.debug_info</name>
         <load_address>0x9939</load_address>
         <run_address>0x9939</run_address>
         <size>0x12e</size>
         <input_file_ref idref="fl-2d"/>
      </object_component>
      <object_component id="oc-de">
         <name>.debug_info</name>
         <load_address>0x9a67</load_address>
         <run_address>0x9a67</run_address>
         <size>0x10f</size>
         <input_file_ref idref="fl-39"/>
      </object_component>
      <object_component id="oc-b6">
         <name>.debug_info</name>
         <load_address>0x9b76</load_address>
         <run_address>0x9b76</run_address>
         <size>0x120</size>
         <input_file_ref idref="fl-3a"/>
      </object_component>
      <object_component id="oc-3f2">
         <name>.debug_info</name>
         <load_address>0x9c96</load_address>
         <run_address>0x9c96</run_address>
         <size>0x126</size>
         <input_file_ref idref="fl-3b"/>
      </object_component>
      <object_component id="oc-bd">
         <name>.debug_info</name>
         <load_address>0x9dbc</load_address>
         <run_address>0x9dbc</run_address>
         <size>0x120</size>
         <input_file_ref idref="fl-3c"/>
      </object_component>
      <object_component id="oc-14b">
         <name>.debug_info</name>
         <load_address>0x9edc</load_address>
         <run_address>0x9edc</run_address>
         <size>0x126</size>
         <input_file_ref idref="fl-3d"/>
      </object_component>
      <object_component id="oc-37f">
         <name>.debug_info</name>
         <load_address>0xa002</load_address>
         <run_address>0xa002</run_address>
         <size>0x121</size>
         <input_file_ref idref="fl-3e"/>
      </object_component>
      <object_component id="oc-3b2">
         <name>.debug_info</name>
         <load_address>0xa123</load_address>
         <run_address>0xa123</run_address>
         <size>0x11a</size>
         <input_file_ref idref="fl-3f"/>
      </object_component>
      <object_component id="oc-347">
         <name>.debug_info</name>
         <load_address>0xa23d</load_address>
         <run_address>0xa23d</run_address>
         <size>0x125</size>
         <input_file_ref idref="fl-3f"/>
      </object_component>
      <object_component id="oc-2f3">
         <name>.debug_info</name>
         <load_address>0xa362</load_address>
         <run_address>0xa362</run_address>
         <size>0x121</size>
         <input_file_ref idref="fl-40"/>
      </object_component>
      <object_component id="oc-b2">
         <name>.debug_info</name>
         <load_address>0xa483</load_address>
         <run_address>0xa483</run_address>
         <size>0x100</size>
         <input_file_ref idref="fl-41"/>
      </object_component>
      <object_component id="oc-102">
         <name>.debug_info</name>
         <load_address>0xa583</load_address>
         <run_address>0xa583</run_address>
         <size>0x17a</size>
         <input_file_ref idref="fl-41"/>
      </object_component>
      <object_component id="oc-298">
         <name>.debug_info</name>
         <load_address>0xa6fd</load_address>
         <run_address>0xa6fd</run_address>
         <size>0x3de</size>
         <input_file_ref idref="fl-42"/>
      </object_component>
      <object_component id="oc-1fc">
         <name>.debug_info</name>
         <load_address>0xaadb</load_address>
         <run_address>0xaadb</run_address>
         <size>0x1e0</size>
         <input_file_ref idref="fl-42"/>
      </object_component>
      <object_component id="oc-374">
         <name>.debug_info</name>
         <load_address>0xacbb</load_address>
         <run_address>0xacbb</run_address>
         <size>0x39</size>
         <input_file_ref idref="fl-42"/>
      </object_component>
      <object_component id="oc-385">
         <name>.debug_info</name>
         <load_address>0xacf4</load_address>
         <run_address>0xacf4</run_address>
         <size>0x2c</size>
         <input_file_ref idref="fl-42"/>
      </object_component>
      <object_component id="oc-2a3">
         <name>.debug_info</name>
         <load_address>0xad20</load_address>
         <run_address>0xad20</run_address>
         <size>0x2c</size>
         <input_file_ref idref="fl-42"/>
      </object_component>
      <object_component id="oc-379">
         <name>.debug_info</name>
         <load_address>0xad4c</load_address>
         <run_address>0xad4c</run_address>
         <size>0xcd</size>
         <input_file_ref idref="fl-42"/>
      </object_component>
      <object_component id="oc-15b">
         <name>.debug_info</name>
         <load_address>0xae19</load_address>
         <run_address>0xae19</run_address>
         <size>0x175</size>
         <input_file_ref idref="fl-43"/>
      </object_component>
      <object_component id="oc-ee">
         <name>.debug_info</name>
         <load_address>0xaf8e</load_address>
         <run_address>0xaf8e</run_address>
         <size>0x1d2</size>
         <input_file_ref idref="fl-43"/>
      </object_component>
      <object_component id="oc-156">
         <name>.debug_info</name>
         <load_address>0xb160</load_address>
         <run_address>0xb160</run_address>
         <size>0x46</size>
         <input_file_ref idref="fl-43"/>
      </object_component>
      <object_component id="oc-15f">
         <name>.debug_info</name>
         <load_address>0xb1a6</load_address>
         <run_address>0xb1a6</run_address>
         <size>0x153</size>
         <input_file_ref idref="fl-46"/>
      </object_component>
      <object_component id="oc-295">
         <name>.debug_info</name>
         <load_address>0xb2f9</load_address>
         <run_address>0xb2f9</run_address>
         <size>0x150</size>
         <input_file_ref idref="fl-47"/>
      </object_component>
      <object_component id="oc-db">
         <name>.debug_info</name>
         <load_address>0xb449</load_address>
         <run_address>0xb449</run_address>
         <size>0x180</size>
         <input_file_ref idref="fl-48"/>
      </object_component>
      <object_component id="oc-3b">
         <name>.debug_info</name>
         <load_address>0xb5c9</load_address>
         <run_address>0xb5c9</run_address>
         <size>0x1ea</size>
         <input_file_ref idref="fl-48"/>
      </object_component>
      <object_component id="oc-d6">
         <name>.debug_info</name>
         <load_address>0xb7b3</load_address>
         <run_address>0xb7b3</run_address>
         <size>0x46</size>
         <input_file_ref idref="fl-48"/>
      </object_component>
      <object_component id="oc-13b">
         <name>.debug_info</name>
         <load_address>0xb7f9</load_address>
         <run_address>0xb7f9</run_address>
         <size>0x2c</size>
         <input_file_ref idref="fl-48"/>
      </object_component>
      <object_component id="oc-133">
         <name>.debug_info</name>
         <load_address>0xb825</load_address>
         <run_address>0xb825</run_address>
         <size>0x176</size>
         <input_file_ref idref="fl-49"/>
      </object_component>
      <object_component id="oc-35">
         <name>.debug_info</name>
         <load_address>0xb99b</load_address>
         <run_address>0xb99b</run_address>
         <size>0x292</size>
         <input_file_ref idref="fl-49"/>
      </object_component>
      <object_component id="oc-c5">
         <name>.debug_info</name>
         <load_address>0xbc2d</load_address>
         <run_address>0xbc2d</run_address>
         <size>0x60</size>
         <input_file_ref idref="fl-49"/>
      </object_component>
      <object_component id="oc-17f">
         <name>.debug_info</name>
         <load_address>0xbc8d</load_address>
         <run_address>0xbc8d</run_address>
         <size>0x46</size>
         <input_file_ref idref="fl-49"/>
      </object_component>
      <object_component id="oc-12e">
         <name>.debug_info</name>
         <load_address>0xbcd3</load_address>
         <run_address>0xbcd3</run_address>
         <size>0x39</size>
         <input_file_ref idref="fl-49"/>
      </object_component>
      <object_component id="oc-1f1">
         <name>.debug_info</name>
         <load_address>0xbd0c</load_address>
         <run_address>0xbd0c</run_address>
         <size>0x122</size>
         <input_file_ref idref="fl-4a"/>
      </object_component>
      <object_component id="oc-135">
         <name>.debug_info</name>
         <load_address>0xbe2e</load_address>
         <run_address>0xbe2e</run_address>
         <size>0x181</size>
         <input_file_ref idref="fl-4d"/>
      </object_component>
      <object_component id="oc-d0">
         <name>.debug_info</name>
         <load_address>0xbfaf</load_address>
         <run_address>0xbfaf</run_address>
         <size>0x17a</size>
         <input_file_ref idref="fl-4d"/>
      </object_component>
      <object_component id="oc-453">
         <name>.debug_info</name>
         <load_address>0xc129</load_address>
         <run_address>0xc129</run_address>
         <size>0x17c</size>
         <input_file_ref idref="fl-4e"/>
      </object_component>
      <object_component id="oc-433">
         <name>.debug_info</name>
         <load_address>0xc2a5</load_address>
         <run_address>0xc2a5</run_address>
         <size>0x24d</size>
         <input_file_ref idref="fl-4e"/>
      </object_component>
      <object_component id="oc-431">
         <name>.debug_info</name>
         <load_address>0xc4f2</load_address>
         <run_address>0xc4f2</run_address>
         <size>0x162</size>
         <input_file_ref idref="fl-4f"/>
      </object_component>
      <object_component id="oc-3de">
         <name>.debug_info</name>
         <load_address>0xc654</load_address>
         <run_address>0xc654</run_address>
         <size>0x230</size>
         <input_file_ref idref="fl-4f"/>
      </object_component>
      <object_component id="oc-4a5">
         <name>.debug_info</name>
         <load_address>0xc884</load_address>
         <run_address>0xc884</run_address>
         <size>0xac</size>
      </object_component>
      <object_component id="oc-2b3">
         <name>.debug_line</name>
         <load_address>0x0</load_address>
         <run_address>0x0</run_address>
         <size>0x5b</size>
         <input_file_ref idref="fl-2"/>
      </object_component>
      <object_component id="oc-1eb">
         <name>.debug_line</name>
         <load_address>0x5b</load_address>
         <run_address>0x5b</run_address>
         <size>0x47</size>
         <input_file_ref idref="fl-2"/>
      </object_component>
      <object_component id="oc-19c">
         <name>.debug_line</name>
         <load_address>0xa2</load_address>
         <run_address>0xa2</run_address>
         <size>0x47</size>
         <input_file_ref idref="fl-2"/>
      </object_component>
      <object_component id="oc-232">
         <name>.debug_line</name>
         <load_address>0xe9</load_address>
         <run_address>0xe9</run_address>
         <size>0x72</size>
         <input_file_ref idref="fl-2"/>
      </object_component>
      <object_component id="oc-cd">
         <name>.debug_line</name>
         <load_address>0x15b</load_address>
         <run_address>0x15b</run_address>
         <size>0x20</size>
         <input_file_ref idref="fl-2"/>
      </object_component>
      <object_component id="oc-192">
         <name>.debug_line</name>
         <load_address>0x17b</load_address>
         <run_address>0x17b</run_address>
         <size>0x76</size>
         <input_file_ref idref="fl-2"/>
      </object_component>
      <object_component id="oc-153">
         <name>.debug_line</name>
         <load_address>0x1f1</load_address>
         <run_address>0x1f1</run_address>
         <size>0x73</size>
         <input_file_ref idref="fl-2"/>
      </object_component>
      <object_component id="oc-2bf">
         <name>.debug_line</name>
         <load_address>0x264</load_address>
         <run_address>0x264</run_address>
         <size>0x52</size>
         <input_file_ref idref="fl-3"/>
      </object_component>
      <object_component id="oc-45b">
         <name>.debug_line</name>
         <load_address>0x2b6</load_address>
         <run_address>0x2b6</run_address>
         <size>0x47</size>
         <input_file_ref idref="fl-3"/>
      </object_component>
      <object_component id="oc-38b">
         <name>.debug_line</name>
         <load_address>0x2fd</load_address>
         <run_address>0x2fd</run_address>
         <size>0x7b</size>
         <input_file_ref idref="fl-3"/>
      </object_component>
      <object_component id="oc-44d">
         <name>.debug_line</name>
         <load_address>0x378</load_address>
         <run_address>0x378</run_address>
         <size>0x3b</size>
         <input_file_ref idref="fl-4"/>
      </object_component>
      <object_component id="oc-2c8">
         <name>.debug_line</name>
         <load_address>0x3b3</load_address>
         <run_address>0x3b3</run_address>
         <size>0x63</size>
         <input_file_ref idref="fl-4"/>
      </object_component>
      <object_component id="oc-2c4">
         <name>.debug_line</name>
         <load_address>0x416</load_address>
         <run_address>0x416</run_address>
         <size>0x62</size>
         <input_file_ref idref="fl-4"/>
      </object_component>
      <object_component id="oc-3c4">
         <name>.debug_line</name>
         <load_address>0x478</load_address>
         <run_address>0x478</run_address>
         <size>0x4a</size>
         <input_file_ref idref="fl-4"/>
      </object_component>
      <object_component id="oc-43f">
         <name>.debug_line</name>
         <load_address>0x4c2</load_address>
         <run_address>0x4c2</run_address>
         <size>0x59</size>
         <input_file_ref idref="fl-4"/>
      </object_component>
      <object_component id="oc-449">
         <name>.debug_line</name>
         <load_address>0x51b</load_address>
         <run_address>0x51b</run_address>
         <size>0x5e</size>
         <input_file_ref idref="fl-4"/>
      </object_component>
      <object_component id="oc-3f9">
         <name>.debug_line</name>
         <load_address>0x579</load_address>
         <run_address>0x579</run_address>
         <size>0x65</size>
         <input_file_ref idref="fl-4"/>
      </object_component>
      <object_component id="oc-3ff">
         <name>.debug_line</name>
         <load_address>0x5de</load_address>
         <run_address>0x5de</run_address>
         <size>0x65</size>
         <input_file_ref idref="fl-4"/>
      </object_component>
      <object_component id="oc-32e">
         <name>.debug_line</name>
         <load_address>0x643</load_address>
         <run_address>0x643</run_address>
         <size>0x7c</size>
         <input_file_ref idref="fl-4"/>
      </object_component>
      <object_component id="oc-2b9">
         <name>.debug_line</name>
         <load_address>0x6bf</load_address>
         <run_address>0x6bf</run_address>
         <size>0x55</size>
         <input_file_ref idref="fl-4"/>
      </object_component>
      <object_component id="oc-23d">
         <name>.debug_line</name>
         <load_address>0x714</load_address>
         <run_address>0x714</run_address>
         <size>0x59</size>
         <input_file_ref idref="fl-4"/>
      </object_component>
      <object_component id="oc-243">
         <name>.debug_line</name>
[...]
      <symbol id="sm-44d">
         <name>__mspabi_sral_14</name>
         <value>0xdca2</value>
         <object_component_ref idref="oc-3b6"/>
      </symbol>
      <symbol id="sm-44e">
         <name>__mspabi_sral_13</name>
         <value>0xdca6</value>
         <object_component_ref idref="oc-3b6"/>
      </symbol>
      <symbol id="sm-44f">
         <name>__mspabi_sral_12</name>
         <value>0xdcaa</value>
         <object_component_ref idref="oc-3b6"/>
      </symbol>
      <symbol id="sm-450">
         <name>__mspabi_sral_11</name>
         <value>0xdcae</value>
         <object_component_ref idref="oc-3b6"/>
      </symbol>
      <symbol id="sm-451">
         <name>__mspabi_sral_10</name>
         <value>0xdcb2</value>
         <object_component_ref idref="oc-3b6"/>
      </symbol>
      <symbol id="sm-452">
         <name>__mspabi_sral_8</name>
         <value>0xdcba</value>
         <object_component_ref idref="oc-3b6"/>
      </symbol>
      <symbol id="sm-453">
         <name>__mspabi_sral_9</name>
         <value>0xdcb6</value>
         <object_component_ref idref="oc-3b6"/>
      </symbol>
      <symbol id="sm-454">
         <name>__mspabi_sral_6</name>
         <value>0xdcc2</value>
         <object_component_ref idref="oc-3b6"/>
      </symbol>
      <symbol id="sm-455">
         <name>__mspabi_sral_7</name>
         <value>0xdcbe</value>
         <object_component_ref idref="oc-3b6"/>
      </symbol>
      <symbol id="sm-456">
         <name>__mspabi_sral_4</name>
         <value>0xdcca</value>
         <object_component_ref idref="oc-3b6"/>
      </symbol>
      <symbol id="sm-457">
         <name>__mspabi_sral_5</name>
         <value>0xdcc6</value>
         <object_component_ref idref="oc-3b6"/>
      </symbol>
      <symbol id="sm-458">
         <name>__mspabi_sral_2</name>
         <value>0xdcd2</value>
         <object_component_ref idref="oc-3b6"/>
      </symbol>
      <symbol id="sm-459">
         <name>__mspabi_sral_3</name>
         <value>0xdcce</value>
         <object_component_ref idref="oc-3b6"/>
      </symbol>
      <symbol id="sm-45a">
         <name>__mspabi_sral_1</name>
         <value>0xdcd6</value>
         <object_component_ref idref="oc-3b6"/>
      </symbol>
      <symbol id="sm-466">
         <name>__mspabi_remi</name>
         <value>0xde4e</value>
         <object_component_ref idref="oc-341"/>
      </symbol>
      <symbol id="sm-467">
         <name>__mspabi_divi</name>
         <value>0xde4e</value>
         <object_component_ref idref="oc-341"/>
      </symbol>
      <symbol id="sm-471">
         <name>__mspabi_remu</name>
         <value>0xe0b8</value>
         <object_component_ref idref="oc-2f7"/>
      </symbol>
      <symbol id="sm-472">
         <name>__mspabi_divu</name>
         <value>0xe0b8</value>
         <object_component_ref idref="oc-2f7"/>
      </symbol>
      <symbol id="sm-47e">
         <name>__mspabi_remli</name>
         <value>0xdc5e</value>
         <object_component_ref idref="oc-2e0"/>
      </symbol>
      <symbol id="sm-47f">
         <name>__mspabi_divli</name>
         <value>0xdc5e</value>
         <object_component_ref idref="oc-2e0"/>
      </symbol>
      <symbol id="sm-48d">
         <name>__mspabi_remul</name>
         <value>0xd9c8</value>
         <object_component_ref idref="oc-1dc"/>
      </symbol>
      <symbol id="sm-48e">
         <name>__mspabi_divul</name>
         <value>0xd9c8</value>
         <object_component_ref idref="oc-1dc"/>
      </symbol>
      <symbol id="sm-497">
         <name>__mspabi_func_epilog_2</name>
         <value>0xe15c</value>
         <object_component_ref idref="oc-bf"/>
      </symbol>
      <symbol id="sm-498">
         <name>__mspabi_func_epilog_3</name>
         <value>0xe15a</value>
         <object_component_ref idref="oc-bf"/>
      </symbol>
      <symbol id="sm-499">
         <name>__mspabi_func_epilog_1</name>
         <value>0xe15e</value>
         <object_component_ref idref="oc-bf"/>
      </symbol>
      <symbol id="sm-49a">
         <name>__mspabi_func_epilog_6</name>
         <value>0xe154</value>
         <object_component_ref idref="oc-bf"/>
      </symbol>
      <symbol id="sm-49b">
         <name>__mspabi_func_epilog_7</name>
         <value>0xe152</value>
         <object_component_ref idref="oc-bf"/>
      </symbol>
      <symbol id="sm-49c">
         <name>__mspabi_func_epilog_4</name>
         <value>0xe158</value>
         <object_component_ref idref="oc-bf"/>
      </symbol>
      <symbol id="sm-49d">
         <name>__mspabi_func_epilog_5</name>
         <value>0xe156</value>
         <object_component_ref idref="oc-bf"/>
      </symbol>
      <symbol id="sm-4a0">
         <name>__TI_int00</name>
         <value>0xffe0</value>
         <object_component_ref idref="oc-40"/>
      </symbol>
      <symbol id="sm-4a3">
         <name>__TI_int03</name>
         <value>0xffe6</value>
         <object_component_ref idref="oc-42"/>
      </symbol>
      <symbol id="sm-4a6">
         <name>__TI_int05</name>
         <value>0xffea</value>
         <object_component_ref idref="oc-43"/>
      </symbol>
      <symbol id="sm-4a9">
         <name>__TI_int06</name>
         <value>0xffec</value>
         <object_component_ref idref="oc-44"/>
      </symbol>
      <symbol id="sm-4ac">
         <name>__TI_int07</name>
         <value>0xffee</value>
         <object_component_ref idref="oc-45"/>
      </symbol>
      <symbol id="sm-4af">
         <name>__TI_int08</name>
         <value>0xfff0</value>
         <object_component_ref idref="oc-46"/>
      </symbol>
      <symbol id="sm-4b2">
         <name>__TI_int10</name>
         <value>0xfff4</value>
         <object_component_ref idref="oc-48"/>
      </symbol>
      <symbol id="sm-4b5">
         <name>__TI_int11</name>
         <value>0xfff6</value>
         <object_component_ref idref="oc-49"/>
      </symbol>
      <symbol id="sm-4b8">
         <name>__TI_int12</name>
         <value>0xfff8</value>
         <object_component_ref idref="oc-4a"/>
      </symbol>
      <symbol id="sm-4bb">
         <name>__TI_int13</name>
         <value>0xfffa</value>
         <object_component_ref idref="oc-4b"/>
      </symbol>
      <symbol id="sm-4be">
         <name>__TI_int14</name>
         <value>0xfffc</value>
         <object_component_ref idref="oc-4c"/>
      </symbol>
      <symbol id="sm-4c6">
         <name>__TI_ISR_TRAP</name>
         <value>0xe1e4</value>
         <object_component_ref idref="oc-dc"/>
      </symbol>
      <symbol id="sm-4ce">
         <name>__mspabi_slli</name>
         <value>0xde7a</value>
         <object_component_ref idref="oc-b5"/>
      </symbol>
      <symbol id="sm-4cf">
         <name>__mspabi_slli_9</name>
         <value>0xde92</value>
         <object_component_ref idref="oc-b5"/>
      </symbol>
      <symbol id="sm-4d0">
         <name>__mspabi_slli_8</name>
         <value>0xde94</value>
         <object_component_ref idref="oc-b5"/>
      </symbol>
      <symbol id="sm-4d1">
         <name>__mspabi_slli_7</name>
         <value>0xde96</value>
         <object_component_ref idref="oc-b5"/>
      </symbol>
      <symbol id="sm-4d2">
         <name>__mspabi_slli_6</name>
         <value>0xde98</value>
         <object_component_ref idref="oc-b5"/>
      </symbol>
      <symbol id="sm-4d3">
         <name>__mspabi_slli_5</name>
         <value>0xde9a</value>
         <object_component_ref idref="oc-b5"/>
      </symbol>
      <symbol id="sm-4d4">
         <name>__mspabi_slli_4</name>
         <value>0xde9c</value>
         <object_component_ref idref="oc-b5"/>
      </symbol>
      <symbol id="sm-4d5">
         <name>__mspabi_slli_3</name>
         <value>0xde9e</value>
         <object_component_ref idref="oc-b5"/>
      </symbol>
      <symbol id="sm-4d6">
         <name>__mspabi_slli_2</name>
         <value>0xdea0</value>
         <object_component_ref idref="oc-b5"/>
      </symbol>
      <symbol id="sm-4d7">
         <name>__mspabi_slli_1</name>
         <value>0xdea2</value>
         <object_component_ref idref="oc-b5"/>
      </symbol>
      <symbol id="sm-4d8">
         <name>__mspabi_slli_15</name>
         <value>0xde86</value>
         <object_component_ref idref="oc-b5"/>
      </symbol>
      <symbol id="sm-4d9">
         <name>__mspabi_slli_14</name>
         <value>0xde88</value>
         <object_component_ref idref="oc-b5"/>
      </symbol>
      <symbol id="sm-4da">
         <name>__mspabi_slli_13</name>
         <value>0xde8a</value>
         <object_component_ref idref="oc-b5"/>
      </symbol>
      <symbol id="sm-4db">
         <name>__mspabi_slli_12</name>
         <value>0xde8c</value>
         <object_component_ref idref="oc-b5"/>
      </symbol>
      <symbol id="sm-4dc">
         <name>__mspabi_slli_11</name>
         <value>0xde8e</value>
         <object_component_ref idref="oc-b5"/>
      </symbol>
      <symbol id="sm-4dd">
         <name>__mspabi_slli_10</name>
         <value>0xde90</value>
         <object_component_ref idref="oc-b5"/>
      </symbol>
      <symbol id="sm-4e5">
         <name>__mspabi_slll_9</name>
         <value>0xdcf4</value>
         <object_component_ref idref="oc-3ef"/>
      </symbol>
      <symbol id="sm-4e6">
         <name>__mspabi_slll_8</name>
         <value>0xdcf8</value>
         <object_component_ref idref="oc-3ef"/>
      </symbol>
      <symbol id="sm-4e7">
         <name>__mspabi_slll_7</name>
         <value>0xdcfc</value>
         <object_component_ref idref="oc-3ef"/>
      </symbol>
      <symbol id="sm-4e8">
         <name>__mspabi_slll_6</name>
         <value>0xdd00</value>
         <object_component_ref idref="oc-3ef"/>
      </symbol>
      <symbol id="sm-4e9">
         <name>__mspabi_slll_5</name>
         <value>0xdd04</value>
         <object_component_ref idref="oc-3ef"/>
      </symbol>
      <symbol id="sm-4ea">
         <name>__mspabi_slll_4</name>
         <value>0xdd08</value>
         <object_component_ref idref="oc-3ef"/>
      </symbol>
      <symbol id="sm-4eb">
         <name>__mspabi_slll_3</name>
         <value>0xdd0c</value>
         <object_component_ref idref="oc-3ef"/>
      </symbol>
      <symbol id="sm-4ec">
         <name>__mspabi_slll_2</name>
         <value>0xdd10</value>
         <object_component_ref idref="oc-3ef"/>
      </symbol>
      <symbol id="sm-4ed">
         <name>__mspabi_slll_1</name>
         <value>0xdd14</value>
         <object_component_ref idref="oc-3ef"/>
      </symbol>
      <symbol id="sm-4ee">
         <name>__mspabi_slll_15</name>
         <value>0xdcdc</value>
         <object_component_ref idref="oc-3ef"/>
      </symbol>
      <symbol id="sm-4ef">
         <name>__mspabi_slll_14</name>
         <value>0xdce0</value>
         <object_component_ref idref="oc-3ef"/>
      </symbol>
      <symbol id="sm-4f0">
         <name>__mspabi_slll_13</name>
         <value>0xdce4</value>
         <object_component_ref idref="oc-3ef"/>
      </symbol>
      <symbol id="sm-4f1">
         <name>__mspabi_slll_12</name>
         <value>0xdce8</value>
         <object_component_ref idref="oc-3ef"/>
      </symbol>
      <symbol id="sm-4f2">
         <name>__mspabi_slll_11</name>
         <value>0xdcec</value>
         <object_component_ref idref="oc-3ef"/>
      </symbol>
      <symbol id="sm-4f3">
         <name>__mspabi_slll_10</name>
         <value>0xdcf0</value>
         <object_component_ref idref="oc-3ef"/>
      </symbol>
      <symbol id="sm-4fb">
         <name>__mspabi_srli_8</name>
         <value>0xdaee</value>
         <object_component_ref idref="oc-ba"/>
      </symbol>
      <symbol id="sm-4fc">
         <name>__mspabi_srli_9</name>
         <value>0xdaea</value>
         <object_component_ref idref="oc-ba"/>
      </symbol>
      <symbol id="sm-4fd">
         <name>__mspabi_srli_6</name>
         <value>0xdaf6</value>
         <object_component_ref idref="oc-ba"/>
      </symbol>
      <symbol id="sm-4fe">
         <name>__mspabi_srli_7</name>
         <value>0xdaf2</value>
         <object_component_ref idref="oc-ba"/>
      </symbol>
      <symbol id="sm-4ff">
         <name>__mspabi_srli_4</name>
         <value>0xdafe</value>
         <object_component_ref idref="oc-ba"/>
      </symbol>
      <symbol id="sm-500">
         <name>__mspabi_srli_5</name>
         <value>0xdafa</value>
         <object_component_ref idref="oc-ba"/>
      </symbol>
      <symbol id="sm-501">
         <name>__mspabi_srli_2</name>
         <value>0xdb06</value>
         <object_component_ref idref="oc-ba"/>
      </symbol>
      <symbol id="sm-502">
         <name>__mspabi_srli_3</name>
         <value>0xdb02</value>
         <object_component_ref idref="oc-ba"/>
      </symbol>
      <symbol id="sm-503">
         <name>__mspabi_srli_1</name>
         <value>0xdb0a</value>
         <object_component_ref idref="oc-ba"/>
      </symbol>
      <symbol id="sm-504">
         <name>__mspabi_srli</name>
         <value>0xdac4</value>
         <object_component_ref idref="oc-ba"/>
      </symbol>
      <symbol id="sm-505">
         <name>__mspabi_srli_15</name>
         <value>0xdad2</value>
         <object_component_ref idref="oc-ba"/>
      </symbol>
      <symbol id="sm-506">
         <name>__mspabi_srli_14</name>
         <value>0xdad6</value>
         <object_component_ref idref="oc-ba"/>
      </symbol>
      <symbol id="sm-507">
         <name>__mspabi_srli_13</name>
         <value>0xdada</value>
         <object_component_ref idref="oc-ba"/>
      </symbol>
      <symbol id="sm-508">
         <name>__mspabi_srli_12</name>
         <value>0xdade</value>
         <object_component_ref idref="oc-ba"/>
      </symbol>
      <symbol id="sm-509">
         <name>__mspabi_srli_11</name>
         <value>0xdae2</value>
         <object_component_ref idref="oc-ba"/>
      </symbol>
      <symbol id="sm-50a">
         <name>__mspabi_srli_10</name>
         <value>0xdae6</value>
         <object_component_ref idref="oc-ba"/>
      </symbol>
      <symbol id="sm-512">
         <name>__mspabi_srll_8</name>
         <value>0xd996</value>
         <object_component_ref idref="oc-14a"/>
      </symbol>
      <symbol id="sm-513">
         <name>__mspabi_srll_9</name>
         <value>0xd990</value>
         <object_component_ref idref="oc-14a"/>
      </symbol>
      <symbol id="sm-514">
         <name>__mspabi_srll_6</name>
         <value>0xd9a2</value>
         <object_component_ref idref="oc-14a"/>
      </symbol>
      <symbol id="sm-515">
         <name>__mspabi_srll_7</name>
         <value>0xd99c</value>
         <object_component_ref idref="oc-14a"/>
      </symbol>
      <symbol id="sm-516">
         <name>__mspabi_srll_4</name>
         <value>0xd9ae</value>
         <object_component_ref idref="oc-14a"/>
      </symbol>
      <symbol id="sm-517">
         <name>__mspabi_srll_5</name>
         <value>0xd9a8</value>
         <object_component_ref idref="oc-14a"/>
      </symbol>
      <symbol id="sm-518">
         <name>__mspabi_srll_2</name>
         <value>0xd9ba</value>
         <object_component_ref idref="oc-14a"/>
      </symbol>
      <symbol id="sm-519">
         <name>__mspabi_srll_3</name>
         <value>0xd9b4</value>
         <object_component_ref idref="oc-14a"/>
      </symbol>
      <symbol id="sm-51a">
         <name>__mspabi_srll_1</name>
         <value>0xd9c0</value>
         <object_component_ref idref="oc-14a"/>
      </symbol>
      <symbol id="sm-51b">
         <name>__mspabi_srll_15</name>
         <value>0xd96c</value>
         <object_component_ref idref="oc-14a"/>
      </symbol>
      <symbol id="sm-51c">
         <name>__mspabi_srll_14</name>
         <value>0xd972</value>
         <object_component_ref idref="oc-14a"/>
      </symbol>
      <symbol id="sm-51d">
         <name>__mspabi_srll_13</name>
         <value>0xd978</value>
         <object_component_ref idref="oc-14a"/>
      </symbol>
      <symbol id="sm-51e">
         <name>__mspabi_srll_12</name>
         <value>0xd97e</value>
         <object_component_ref idref="oc-14a"/>
      </symbol>
      <symbol id="sm-51f">
         <name>__mspabi_srll_11</name>
         <value>0xd984</value>
         <object_component_ref idref="oc-14a"/>
      </symbol>
      <symbol id="sm-520">
         <name>__mspabi_srll_10</name>
         <value>0xd98a</value>
         <object_component_ref idref="oc-14a"/>
      </symbol>
      <symbol id="sm-52a">
         <name>__mspabi_mpyi_sw</name>
         <value>0xe0f6</value>
         <object_component_ref idref="oc-37e"/>
      </symbol>
      <symbol id="sm-52b">
         <name>__mspabi_mpyi</name>
         <value>0xe0f6</value>
         <object_component_ref idref="oc-37e"/>
      </symbol>
      <symbol id="sm-53c">
         <name>__mspabi_mpysl</name>
         <value>0xe0a2</value>
         <object_component_ref idref="oc-3b1"/>
      </symbol>
      <symbol id="sm-53d">
         <name>__mspabi_mpyul_sw</name>
         <value>0xe006</value>
         <object_component_ref idref="oc-346"/>
      </symbol>
      <symbol id="sm-53e">
         <name>__mspabi_mpyul</name>
         <value>0xe006</value>
         <object_component_ref idref="oc-346"/>
      </symbol>
      <symbol id="sm-53f">
         <name>__mspabi_mpysl_sw</name>
         <value>0xe0a2</value>
         <object_component_ref idref="oc-3b1"/>
      </symbol>
      <symbol id="sm-549">
         <name>__mspabi_mpyl_sw</name>
         <value>0xdf9c</value>
         <object_component_ref idref="oc-2f2"/>
      </symbol>
      <symbol id="sm-54a">
         <name>__mspabi_mpyl</name>
         <value>0xdf9c</value>
         <object_component_ref idref="oc-2f2"/>
      </symbol>
      <symbol id="sm-55a">
         <name>_stack</name>
         <value>0x3b0</value>
         <object_component_ref idref="oc-b1"/>
      </symbol>
      <symbol id="sm-55b">
         <name>_c_int00_noargs</name>
         <value>0xe086</value>
         <object_component_ref idref="oc-ff"/>
      </symbol>
      <symbol id="sm-55c">
         <name>_reset_vector</name>
         <value>0xfffe</value>
         <object_component_ref idref="oc-b4"/>
      </symbol>
      <symbol id="sm-57e">
         <name>__TI_auto_init_nobinit_nopinit</name>
         <value>0xdbdc</value>
         <object_component_ref idref="oc-1fa"/>
      </symbol>
      <symbol id="sm-591">
         <name>__TI_zero_init_nomemset</name>
         <value>0xe0e2</value>
         <object_component_ref idref="oc-ed"/>
      </symbol>
      <symbol id="sm-59c">
         <name>_system_pre_init</name>
         <value>0xe1f2</value>
         <object_component_ref idref="oc-15d"/>
      </symbol>
      <symbol id="sm-5a5">
         <name>_system_post_cinit</name>
         <value>0xe1f6</value>
         <object_component_ref idref="oc-291"/>
      </symbol>
      <symbol id="sm-5bb">
         <name>__TI_decompress_none</name>
         <value>0xe12e</value>
         <object_component_ref idref="oc-3a"/>
      </symbol>
      <symbol id="sm-5de">
         <name>__TI_decompress_lzss</name>
         <value>0xd5d4</value>
         <object_component_ref idref="oc-34"/>
      </symbol>
      <symbol id="sm-5e8">
         <name>C$$EXIT</name>
         <value>0xe1ec</value>
         <object_component_ref idref="oc-1ee"/>
      </symbol>
      <symbol id="sm-5e9">
         <name>abort</name>
         <value>0xe1ec</value>
         <object_component_ref idref="oc-1ee"/>
      </symbol>
      <symbol id="sm-5f9">
         <name>memcpy</name>
         <value>0xe140</value>
         <object_component_ref idref="oc-cf"/>
      </symbol>
      <symbol id="sm-606">
         <name>strcpy</name>
         <value>0xe162</value>
         <object_component_ref idref="oc-432"/>
      </symbol>
      <symbol id="sm-613">
         <name>strlen</name>
         <value>0xe180</value>
         <object_component_ref idref="oc-3dc"/>
      </symbol>
   </symbol_table>
   <title>Link successful</title>
</link_info>
